Archive member included to satisfy reference by file (symbol)

C:/ST/STM32CubeIDE_1.17.0/STM32CubeIDE/plugins/com.st.stm32cube.ide.mcu.externaltools.gnu-tools-for-stm32.12.3.rel1.win32_1.1.0.202410251130/tools/bin/../lib/gcc/arm-none-eabi/12.3.1/../../../../arm-none-eabi/lib/thumb/v7-m/nofp\libc_nano.a(libc_a-exit.o)
                              C:/ST/STM32CubeIDE_1.17.0/STM32CubeIDE/plugins/com.st.stm32cube.ide.mcu.externaltools.gnu-tools-for-stm32.12.3.rel1.win32_1.1.0.202410251130/tools/bin/../lib/gcc/arm-none-eabi/12.3.1/../../../../arm-none-eabi/lib/thumb/v7-m/nofp/crt0.o (exit)
C:/ST/STM32CubeIDE_1.17.0/STM32CubeIDE/plugins/com.st.stm32cube.ide.mcu.externaltools.gnu-tools-for-stm32.12.3.rel1.win32_1.1.0.202410251130/tools/bin/../lib/gcc/arm-none-eabi/12.3.1/../../../../arm-none-eabi/lib/thumb/v7-m/nofp\libc_nano.a(libc_a-findfp.o)
                              C:/ST/STM32CubeIDE_1.17.0/STM32CubeIDE/plugins/com.st.stm32cube.ide.mcu.externaltools.gnu-tools-for-stm32.12.3.rel1.win32_1.1.0.202410251130/tools/bin/../lib/gcc/arm-none-eabi/12.3.1/../../../../arm-none-eabi/lib/thumb/v7-m/nofp\libc_nano.a(libc_a-exit.o) (__stdio_exit_handler)
C:/ST/STM32CubeIDE_1.17.0/STM32CubeIDE/plugins/com.st.stm32cube.ide.mcu.externaltools.gnu-tools-for-stm32.12.3.rel1.win32_1.1.0.202410251130/tools/bin/../lib/gcc/arm-none-eabi/12.3.1/../../../../arm-none-eabi/lib/thumb/v7-m/nofp\libc_nano.a(libc_a-fwalk.o)
                              C:/ST/STM32CubeIDE_1.17.0/STM32CubeIDE/plugins/com.st.stm32cube.ide.mcu.externaltools.gnu-tools-for-stm32.12.3.rel1.win32_1.1.0.202410251130/tools/bin/../lib/gcc/arm-none-eabi/12.3.1/../../../../arm-none-eabi/lib/thumb/v7-m/nofp\libc_nano.a(libc_a-findfp.o) (_fwalk_sglue)
C:/ST/STM32CubeIDE_1.17.0/STM32CubeIDE/plugins/com.st.stm32cube.ide.mcu.externaltools.gnu-tools-for-stm32.12.3.rel1.win32_1.1.0.202410251130/tools/bin/../lib/gcc/arm-none-eabi/12.3.1/../../../../arm-none-eabi/lib/thumb/v7-m/nofp\libc_nano.a(libc_a-sprintf.o)
                              ./Core/Src/Honey_Display.o (sprintf)
C:/ST/STM32CubeIDE_1.17.0/STM32CubeIDE/plugins/com.st.stm32cube.ide.mcu.externaltools.gnu-tools-for-stm32.12.3.rel1.win32_1.1.0.202410251130/tools/bin/../lib/gcc/arm-none-eabi/12.3.1/../../../../arm-none-eabi/lib/thumb/v7-m/nofp\libc_nano.a(libc_a-stdio.o)
                              C:/ST/STM32CubeIDE_1.17.0/STM32CubeIDE/plugins/com.st.stm32cube.ide.mcu.externaltools.gnu-tools-for-stm32.12.3.rel1.win32_1.1.0.202410251130/tools/bin/../lib/gcc/arm-none-eabi/12.3.1/../../../../arm-none-eabi/lib/thumb/v7-m/nofp\libc_nano.a(libc_a-findfp.o) (__sread)
C:/ST/STM32CubeIDE_1.17.0/STM32CubeIDE/plugins/com.st.stm32cube.ide.mcu.externaltools.gnu-tools-for-stm32.12.3.rel1.win32_1.1.0.202410251130/tools/bin/../lib/gcc/arm-none-eabi/12.3.1/../../../../arm-none-eabi/lib/thumb/v7-m/nofp\libc_nano.a(libc_a-memset.o)
                              C:/ST/STM32CubeIDE_1.17.0/STM32CubeIDE/plugins/com.st.stm32cube.ide.mcu.externaltools.gnu-tools-for-stm32.12.3.rel1.win32_1.1.0.202410251130/tools/bin/../lib/gcc/arm-none-eabi/12.3.1/../../../../arm-none-eabi/lib/thumb/v7-m/nofp/crt0.o (memset)
C:/ST/STM32CubeIDE_1.17.0/STM32CubeIDE/plugins/com.st.stm32cube.ide.mcu.externaltools.gnu-tools-for-stm32.12.3.rel1.win32_1.1.0.202410251130/tools/bin/../lib/gcc/arm-none-eabi/12.3.1/../../../../arm-none-eabi/lib/thumb/v7-m/nofp\libc_nano.a(libc_a-closer.o)
                              C:/ST/STM32CubeIDE_1.17.0/STM32CubeIDE/plugins/com.st.stm32cube.ide.mcu.externaltools.gnu-tools-for-stm32.12.3.rel1.win32_1.1.0.202410251130/tools/bin/../lib/gcc/arm-none-eabi/12.3.1/../../../../arm-none-eabi/lib/thumb/v7-m/nofp\libc_nano.a(libc_a-stdio.o) (_close_r)
C:/ST/STM32CubeIDE_1.17.0/STM32CubeIDE/plugins/com.st.stm32cube.ide.mcu.externaltools.gnu-tools-for-stm32.12.3.rel1.win32_1.1.0.202410251130/tools/bin/../lib/gcc/arm-none-eabi/12.3.1/../../../../arm-none-eabi/lib/thumb/v7-m/nofp\libc_nano.a(libc_a-reent.o)
                              C:/ST/STM32CubeIDE_1.17.0/STM32CubeIDE/plugins/com.st.stm32cube.ide.mcu.externaltools.gnu-tools-for-stm32.12.3.rel1.win32_1.1.0.202410251130/tools/bin/../lib/gcc/arm-none-eabi/12.3.1/../../../../arm-none-eabi/lib/thumb/v7-m/nofp\libc_nano.a(libc_a-closer.o) (errno)
C:/ST/STM32CubeIDE_1.17.0/STM32CubeIDE/plugins/com.st.stm32cube.ide.mcu.externaltools.gnu-tools-for-stm32.12.3.rel1.win32_1.1.0.202410251130/tools/bin/../lib/gcc/arm-none-eabi/12.3.1/../../../../arm-none-eabi/lib/thumb/v7-m/nofp\libc_nano.a(libc_a-impure.o)
                              C:/ST/STM32CubeIDE_1.17.0/STM32CubeIDE/plugins/com.st.stm32cube.ide.mcu.externaltools.gnu-tools-for-stm32.12.3.rel1.win32_1.1.0.202410251130/tools/bin/../lib/gcc/arm-none-eabi/12.3.1/../../../../arm-none-eabi/lib/thumb/v7-m/nofp\libc_nano.a(libc_a-sprintf.o) (_impure_ptr)
[...]
Memory Configuration

Name             Origin             Length             Attributes
RAM              0x20000000         0x00005000         xrw
FLASH            0x08000000         0x00020000         xr
*default*        0x00000000         0xffffffff

Linker script and memory map

LOAD C:/ST/STM32CubeIDE_1.17.0/STM32CubeIDE/plugins/com.st.stm32cube.ide.mcu.externaltools.gnu-tools-for-stm32.12.3.rel1.win32_1.1.0.202410251130/tools/bin/../lib/gcc/arm-none-eabi/12.3.1/thumb/v7-m/nofp/crti.o
LOAD C:/ST/STM32CubeIDE_1.17.0/STM32CubeIDE/plugins/com.st.stm32cube.ide.mcu.externaltools.gnu-tools-for-stm32.12.3.rel1.win32_1.1.0.202410251130/tools/bin/../lib/gcc/arm-none-eabi/12.3.1/thumb/v7-m/nofp/crtbegin.o
LOAD C:/ST/STM32CubeIDE_1.17.0/STM32CubeIDE/plugins/com.st.stm32cube.ide.mcu.externaltools.gnu-tools-for-stm32.12.3.rel1.win32_1.1.0.202410251130/tools/bin/../lib/gcc/arm-none-eabi/12.3.1/../../../../arm-none-eabi/lib/thumb/v7-m/nofp/crt0.o
LOAD ./Core/Src/Button.o
LOAD ./Core/Src/Buzzer.o
LOAD ./Core/Src/Eeprom.o
LOAD ./Core/Src/GFX_BW.o
LOAD ./Core/Src/HX711.o
LOAD ./Core/Src/Honey_Display.o
LOAD ./Core/Src/Honey_StateMachine.o
LOAD ./Core/Src/SSD1306_OLED.o
LOAD ./Core/Src/Servo.o
LOAD ./Core/Src/dma.o
LOAD ./Core/Src/gpio.o
LOAD ./Core/Src/i2c.o
LOAD ./Core/Src/main.o
LOAD ./Core/Src/stm32f1xx_hal_msp.o
LOAD ./Core/Src/stm32f1xx_it.o
LOAD ./Core/Src/syscalls.o
LOAD ./Core/Src/sysmem.o
LOAD ./Core/Src/system_stm32f1xx.o
LOAD ./Core/Src/tim.o
LOAD ./Core/Src/usart.o
LOAD ./Core/Startup/startup_stm32f103rbtx.o
LOAD ./Drivers/STM32F1xx_HAL_Driver/Src/stm32f1xx_hal.o
LOAD ./Drivers/STM32F1xx_HAL_Driver/Src/stm32f1xx_hal_cortex.o
LOAD ./Drivers/STM32F1xx_HAL_Driver/Src/stm32f1xx_hal_dma.o
LOAD ./Drivers/STM32F1xx_HAL_Driver/Src/stm32f1xx_hal_exti.o
LOAD ./Drivers/STM32F1xx_HAL_Driver/Src/stm32f1xx_hal_flash.o
LOAD ./Drivers/STM32F1xx_HAL_Driver/Src/stm32f1xx_hal_flash_ex.o
LOAD ./Drivers/STM32F1xx_HAL_Driver/Src/stm32f1xx_hal_gpio.o
LOAD ./Drivers/STM32F1xx_HAL_Driver/Src/stm32f1xx_hal_gpio_ex.o
LOAD ./Drivers/STM32F1xx_HAL_Driver/Src/stm32f1xx_hal_i2c.o
LOAD ./Drivers/STM32F1xx_HAL_Driver/Src/stm32f1xx_hal_pwr.o
LOAD ./Drivers/STM32F1xx_HAL_Driver/Src/stm32f1xx_hal_rcc.o
LOAD ./Drivers/STM32F1xx_HAL_Driver/Src/stm32f1xx_hal_rcc_ex.o
LOAD ./Drivers/STM32F1xx_HAL_Driver/Src/stm32f1xx_hal_tim.o
LOAD ./Drivers/STM32F1xx_HAL_Driver/Src/stm32f1xx_hal_tim_ex.o
LOAD ./Drivers/STM32F1xx_HAL_Driver/Src/stm32f1xx_hal_uart.o
START GROUP
LOAD C:/ST/STM32CubeIDE_1.17.0/STM32CubeIDE/plugins/com.st.stm32cube.ide.mcu.externaltools.gnu-tools-for-stm32.12.3.rel1.win32_1.1.0.202410251130/tools/bin/../lib/gcc/arm-none-eabi/12.3.1/../../../../arm-none-eabi/lib/thumb/v7-m/nofp\libc_nano.a
LOAD C:/ST/STM32CubeIDE_1.17.0/STM32CubeIDE/plugins/com.st.stm32cube.ide.mcu.externaltools.gnu-tools-for-stm32.12.3.rel1.win32_1.1.0.202410251130/tools/bin/../lib/gcc/arm-none-eabi/12.3.1/../../../../arm-none-eabi/lib/thumb/v7-m/nofp\libm.a
END GROUP
START GROUP
LOAD C:/ST/STM32CubeIDE_1.17.0/STM32CubeIDE/plugins/com.st.stm32cube.ide.mcu.externaltools.gnu-tools-for-stm32.12.3.rel1.win32_1.1.0.202410251130/tools/bin/../lib/gcc/arm-none-eabi/12.3.1/thumb/v7-m/nofp\libgcc.a
LOAD C:/ST/STM32CubeIDE_1.17.0/STM32CubeIDE/plugins/com.st.stm32cube.ide.mcu.externaltools.gnu-tools-for-stm32.12.3.rel1.win32_1.1.0.202410251130/tools/bin/../lib/gcc/arm-none-eabi/12.3.1/../../../../arm-none-eabi/lib/thumb/v7-m/nofp\libc_nano.a
END GROUP
START GROUP
LOAD C:/ST/STM32CubeIDE_1.17.0/STM32CubeIDE/plugins/com.st.stm32cube.ide.mcu.externaltools.gnu-tools-for-stm32.12.3.rel1.win32_1.1.0.202410251130/tools/bin/../lib/gcc/arm-none-eabi/12.3.1/thumb/v7-m/nofp\libgcc.a
LOAD C:/ST/STM32CubeIDE_1.17.0/STM32CubeIDE/plugins/com.st.stm32cube.ide.mcu.externaltools.gnu-tools-for-stm32.12.3.rel1.win32_1.1.0.202410251130/tools/bin/../lib/gcc/arm-none-eabi/12.3.1/../../../../arm-none-eabi/lib/thumb/v7-m/nofp\libc_nano.a
LOAD C:/ST/STM32CubeIDE_1.17.0/STM32CubeIDE/plugins/com.st.stm32cube.ide.mcu.externaltools.gnu-tools-for-stm32.12.3.rel1.win32_1.1.0.202410251130/tools/bin/../lib/gcc/arm-none-eabi/12.3.1/../../../../arm-none-eabi/lib/thumb/v7-m/nofp\libnosys.a
END GROUP
START GROUP
LOAD C:/ST/STM32CubeIDE_1.17.0/STM32CubeIDE/plugins/com.st.stm32cube.ide.mcu.externaltools.gnu-tools-for-stm32.12.3.rel1.win32_1.1.0.202410251130/tools/bin/../lib/gcc/arm-none-eabi/12.3.1/thumb/v7-m/nofp\libgcc.a
LOAD C:/ST/STM32CubeIDE_1.17.0/STM32CubeIDE/plugins/com.st.stm32cube.ide.mcu.externaltools.gnu-tools-for-stm32.12.3.rel1.win32_1.1.0.202410251130/tools/bin/../lib/gcc/arm-none-eabi/12.3.1/../../../../arm-none-eabi/lib/thumb/v7-m/nofp\libc_nano.a
LOAD C:/ST/STM32CubeIDE_1.17.0/STM32CubeIDE/plugins/com.st.stm32cube.ide.mcu.externaltools.gnu-tools-for-stm32.12.3.rel1.win32_1.1.0.202410251130/tools/bin/../lib/gcc/arm-none-eabi/12.3.1/../../../../arm-none-eabi/lib/thumb/v7-m/nofp\libnosys.a
END GROUP
LOAD C:/ST/STM32CubeIDE_1.17.0/STM32CubeIDE/plugins/com.st.stm32cube.ide.mcu.externaltools.gnu-tools-for-stm32.12.3.rel1.win32_1.1.0.202410251130/tools/bin/../lib/gcc/arm-none-eabi/12.3.1/thumb/v7-m/nofp/crtend.o
LOAD C:/ST/STM32CubeIDE_1.17.0/STM32CubeIDE/plugins/com.st.stm32cube.ide.mcu.externaltools.gnu-tools-for-stm32.12.3.rel1.win32_1.1.0.202410251130/tools/bin/../lib/gcc/arm-none-eabi/12.3.1/thumb/v7-m/nofp/crtn.o
                0x20005000                        _estack = (ORIGIN (RAM) + LENGTH (RAM))
                0x00000200                        _Min_Heap_Size = 0x200
                0x00000400                        _Min_Stack_Size = 0x400

.isr_vector     0x08000000      0x10c
                0x08000000                        . = ALIGN (0x4)
 *(.isr_vector)
 .isr_vector    0x08000000      0x10c ./Core/Startup/startup_stm32f103rbtx.o
                0x08000000                g_pfnVectors
                0x0800010c                        . = ALIGN (0x4)

.text           0x08000110     0x65e0
                0x08000110                        . = ALIGN (0x4)
 *(.text)
 .text          0x08000110       0x40 C:/ST/STM32CubeIDE_1.17.0/STM32CubeIDE/plugins/com.st.stm32cube.ide.mcu.externaltools.gnu-tools-for-stm32.12.3.rel1.win32_1.1.0.202410251130/tools/bin/../lib/gcc/arm-none-eabi/12.3.1/thumb/v7-m/nofp/crtbegin.o
 .text          0x08000150      0x254 C:/ST/STM32CubeIDE_1.17.0/STM32CubeIDE/plugins/com.st.stm32cube.ide.mcu.externaltools.gnu-tools-for-stm32.12.3.rel1.win32_1.1.0.202410251130/tools/bin/../lib/gcc/arm-none-eabi/12.3.1/thumb/v7-m/nofp\libgcc.a(_arm_muldf3.o)
                0x08000150                __muldf3
                0x08000150                __aeabi_dmul
 .text          0x080003a4      0x378 C:/ST/STM32CubeIDE_1.17.0/STM32CubeIDE/plugins/com.st.stm32cube.ide.mcu.externaltools.gnu-tools-for-stm32.12.3.rel1.win32_1.1.0.202410251130/tools/bin/../lib/gcc/arm-none-eabi/12.3.1/thumb/v7-m/nofp\libgcc.a(_arm_addsubdf3.o)
                0x080003a4                __aeabi_drsub
                0x080003ac                __aeabi_dsub
                0x080003ac                __subdf3
                0x080003b0                __aeabi_dadd
                0x080003b0                __adddf3
                0x08000628                __floatunsidf
                0x08000628                __aeabi_ui2d
                0x08000648                __floatsidf
                0x08000648                __aeabi_i2d
                0x0800066c                __aeabi_f2d
                0x0800066c                __extendsfdf2
                0x080006b0                __floatundidf
                0x080006b0                __aeabi_ul2d
                0x080006c0                __floatdidf
                0x080006c0                __aeabi_l2d
 .text          0x0800071c      0x110 C:/ST/STM32CubeIDE_1.17.0/STM32CubeIDE/plugins/com.st.stm32cube.ide.mcu.externaltools.gnu-tools-for-stm32.12.3.rel1.win32_1.1.0.202410251130/tools/bin/../lib/gcc/arm-none-eabi/12.3.1/thumb/v7-m/nofp\libgcc.a(_arm_cmpdf2.o)
                0x0800071c                __gtdf2
                0x0800071c                __gedf2
                0x08000724                __ltdf2
                0x08000724                __ledf2
                0x0800072c                __nedf2
                0x0800072c                __eqdf2
                0x0800072c                __cmpdf2
                0x080007a8                __aeabi_cdrcmple
                0x080007b8                __aeabi_cdcmpeq
                0x080007b8                __aeabi_cdcmple
                0x080007c8                __aeabi_dcmpeq
                0x080007dc                __aeabi_dcmplt
                0x080007f0                __aeabi_dcmple
                0x08000804                __aeabi_dcmpge
                0x08000818                __aeabi_dcmpgt
 *(.text*)
 .text.ButtonInit
                0x0800082c       0x42 ./Core/Src/Button.o
                0x0800082c                ButtonInit
 .text.ButtonHandleIRQ
                0x0800086e       0x20 ./Core/Src/Button.o
                0x0800086e                ButtonHandleIRQ
 .text.ButtonTask
                0x0800088e       0xaa ./Core/Src/Button.o
                0x0800088e                ButtonTask
 .text.ButtonIsPressed
                0x08000938       0x26 ./Core/Src/Button.o
                0x08000938                ButtonIsPressed
 .text.BuzzerInit
                0x0800095e       0x34 ./Core/Src/Buzzer.o
                0x0800095e                BuzzerInit
 .text.BuzzerSetSignalTime
                0x08000992       0x22 ./Core/Src/Buzzer.o
                0x08000992                BuzzerSetSignalTime
 .text.BuzzerPlay
                0x080009b4       0xb0 ./Core/Src/Buzzer.o
                0x080009b4                BuzzerPlay
 .text.Eeprom_Init
                0x08000a64       0x1c ./Core/Src/Eeprom.o
                0x08000a64                Eeprom_Init
 .text.Eeprom_ReadCalibration
                0x08000a80       0x74 ./Core/Src/Eeprom.o
                0x08000a80                Eeprom_ReadCalibration
 .text.Eeprom_SendCalibration
                0x08000af4       0x5a ./Core/Src/Eeprom.o
                0x08000af4                Eeprom_SendCalibration
 *fill*         0x08000b4e        0x2 
 .text.Eeprom_WriteData
                0x08000b50       0x30 ./Core/Src/Eeprom.o
                0x08000b50                Eeprom_WriteData
 .text.GFX_SetFont
                0x08000b80       0x1c ./Core/Src/GFX_BW.o
                0x08000b80                GFX_SetFont
 .text.GFX_SetFontSize
                0x08000b9c       0x24 ./Core/Src/GFX_BW.o
                0x08000b9c                GFX_SetFontSize
 .text.GFX_DrawChar
                0x08000bc0      0x174 ./Core/Src/GFX_BW.o
                0x08000bc0                GFX_DrawChar
 .text.GFX_DrawString
                0x08000d34       0xb8 ./Core/Src/GFX_BW.o
                0x08000d34                GFX_DrawString
 .text.GFX_WriteLine
                0x08000dec      0x11e ./Core/Src/GFX_BW.o
                0x08000dec                GFX_WriteLine
 .text.GFX_DrawFastVLine
                0x08000f0a       0x2e ./Core/Src/GFX_BW.o
                0x08000f0a                GFX_DrawFastVLine
 .text.GFX_DrawFastHLine
                0x08000f38       0x2c ./Core/Src/GFX_BW.o
                0x08000f38                GFX_DrawFastHLine
 .text.GFX_DrawRectangle
                0x08000f64       0x5a ./Core/Src/GFX_BW.o
                0x08000f64                GFX_DrawRectangle
 .text.GFX_DrawFillRectangle
                0x08000fbe       0x46 ./Core/Src/GFX_BW.o
                0x08000fbe                GFX_DrawFillRectangle
 .text.HX711_Init
                0x08001004       0x40 ./Core/Src/HX711.o
                0x08001004                HX711_Init
 .text.HX711_getRawData
                0x08001044       0x98 ./Core/Src/HX711.o
                0x08001044                HX711_getRawData
 .text.HX711_getAverageWeight
                0x080010dc       0x44 ./Core/Src/HX711.o
                0x080010dc                HX711_getAverageWeight
 .text.HX711_getCalculatedWeight
                0x08001120       0x40 ./Core/Src/HX711.o
                0x08001120                HX711_getCalculatedWeight
 .text.HX711_calibration
                0x08001160       0x48 ./Core/Src/HX711.o
                0x08001160                HX711_calibration
 .text.DisplayInit
                0x080011a8       0x2c ./Core/Src/Honey_Display.o
                0x080011a8                DisplayInit
 .text.DisplayWithoutParameters
                0x080011d4      0x26c ./Core/Src/Honey_Display.o
                0x080011d4                DisplayWithoutParameters
 .text.DisplayWithParameters
                0x08001440      0x1bc ./Core/Src/Honey_Display.o
                0x08001440                DisplayWithParameters
 .text.InterinalTickTimer_Init
                0x080015fc       0x18 ./Core/Src/Honey_StateMachine.o
                0x080015fc                InterinalTickTimer_Init
 .text.InterinalTickTimer_WaitMillisecond
                0x08001614       0x44 ./Core/Src/Honey_StateMachine.o
                0x08001614                InterinalTickTimer_WaitMillisecond
 .text.HoneyInit
                0x08001658       0xb4 ./Core/Src/Honey_StateMachine.o
                0x08001658                HoneyInit
 *fill*         0x0800170c        0x4 
 .text.HoneyTask
                0x08001710      0x4b4 ./Core/Src/Honey_StateMachine.o
                0x08001710                HoneyTask
 .text.SSD1306_Command
                0x08001bc4       0x34 ./Core/Src/SSD1306_OLED.o
                0x08001bc4                SSD1306_Command
 .text.SSD1306_Data
                0x08001bf8       0x34 ./Core/Src/SSD1306_OLED.o
                0x08001bf8                SSD1306_Data
 .text.SSD1306_DrawPixel
                0x08001c2c      0x11c ./Core/Src/SSD1306_OLED.o
                0x08001c2c                SSD1306_DrawPixel
 .text.SSD1306_Clear
                0x08001d48       0x3c ./Core/Src/SSD1306_OLED.o
                0x08001d48                SSD1306_Clear
 .text.SSD1306_Display
                0x08001d84       0x3c ./Core/Src/SSD1306_OLED.o
                0x08001d84                SSD1306_Display
 .text.SSD1306_Init
                0x08001dc0       0xb8 ./Core/Src/SSD1306_OLED.o
                0x08001dc0                SSD1306_Init
 .text.Servo_Init
                0x08001e78       0xac ./Core/Src/Servo.o
                0x08001e78                Servo_Init
 .text.Servo_SetPWMSignal
                0x08001f24       0x8a ./Core/Src/Servo.o
                0x08001f24                Servo_SetPWMSignal
 *fill*         0x08001fae        0x2 
 .text.MX_DMA_Init
                0x08001fb0       0x3c ./Core/Src/dma.o
                0x08001fb0                MX_DMA_Init
 .text.MX_GPIO_Init
                0x08001fec      0x130 ./Core/Src/gpio.o
                0x08001fec                MX_GPIO_Init
 .text.MX_I2C2_Init
                0x0800211c       0x5c ./Core/Src/i2c.o
                0x0800211c                MX_I2C2_Init
 .text.HAL_I2C_MspInit
                0x08002178       0xd4 ./Core/Src/i2c.o
                0x08002178                HAL_I2C_MspInit
 .text.main     0x0800224c       0x40 ./Core/Src/main.o
                0x0800224c                main
 .text.SystemClock_Config
                0x0800228c       0x8a ./Core/Src/main.o
                0x0800228c                SystemClock_Config
 .text.MX_NVIC_Init
                0x08002316       0x58 ./Core/Src/main.o
 *fill*         0x0800236e        0x2 
 .text.HAL_GPIO_EXTI_Callback
                0x08002370       0x58 ./Core/Src/main.o
                0x08002370                HAL_GPIO_EXTI_Callback
 .text.Error_Handler
                0x080023c8        0xc ./Core/Src/main.o
                0x080023c8                Error_Handler
 .text.HAL_MspInit
                0x080023d4       0x64 ./Core/Src/stm32f1xx_hal_msp.o
                0x080023d4                HAL_MspInit
 .text.NMI_Handler
                0x08002438        0x8 ./Core/Src/stm32f1xx_it.o
                0x08002438                NMI_Handler
 .text.HardFault_Handler
                0x08002440        0x8 ./Core/Src/stm32f1xx_it.o
                0x08002440                HardFault_Handler
 .text.MemManage_Handler
                0x08002448        0x8 ./Core/Src/stm32f1xx_it.o
                0x08002448                MemManage_Handler
 .text.BusFault_Handler
                0x08002450        0x8 ./Core/Src/stm32f1xx_it.o
                0x08002450                BusFault_Handler
 .text.UsageFault_Handler
                0x08002458        0x8 ./Core/Src/stm32f1xx_it.o
                0x08002458                UsageFault_Handler
 .text.SVC_Handler
                0x08002460        0xc ./Core/Src/stm32f1xx_it.o
                0x08002460                SVC_Handler
 .text.DebugMon_Handler
                0x0800246c        0xc ./Core/Src/stm32f1xx_it.o
                0x0800246c                DebugMon_Handler
 .text.PendSV_Handler
                0x08002478        0xc ./Core/Src/stm32f1xx_it.o
                0x08002478                PendSV_Handler
 .text.SysTick_Handler
                0x08002484        0xc ./Core/Src/stm32f1xx_it.o
                0x08002484                SysTick_Handler
 .text.EXTI0_IRQHandler
                0x08002490        0xe ./Core/Src/stm32f1xx_it.o
                0x08002490                EXTI0_IRQHandler
 .text.EXTI1_IRQHandler
                0x0800249e        0xe ./Core/Src/stm32f1xx_it.o
                0x0800249e                EXTI1_IRQHandler
 .text.EXTI2_IRQHandler
                0x080024ac        0xe ./Core/Src/stm32f1xx_it.o
                0x080024ac                EXTI2_IRQHandler
 .text.EXTI3_IRQHandler
                0x080024ba        0xe ./Core/Src/stm32f1xx_it.o
                0x080024ba                EXTI3_IRQHandler
 .text.DMA1_Channel4_IRQHandler
                0x080024c8       0x14 ./Core/Src/stm32f1xx_it.o
                0x080024c8                DMA1_Channel4_IRQHandler
 .text.TIM4_IRQHandler
                0x080024dc       0x14 ./Core/Src/stm32f1xx_it.o
                0x080024dc                TIM4_IRQHandler
 .text.EXTI15_10_IRQHandler
                0x080024f0       0x10 ./Core/Src/stm32f1xx_it.o
                0x080024f0                EXTI15_10_IRQHandler
 .text._sbrk    0x08002500       0x6c ./Core/Src/sysmem.o
                0x08002500                _sbrk
 .text.SystemInit
                0x0800256c        0xc ./Core/Src/system_stm32f1xx.o
                0x0800256c                SystemInit
 .text.MX_TIM2_Init
                0x08002578       0x98 ./Core/Src/tim.o
                0x08002578                MX_TIM2_Init
 .text.MX_TIM3_Init
                0x08002610       0xf0 ./Core/Src/tim.o
                0x08002610                MX_TIM3_Init
 .text.MX_TIM4_Init
                0x08002700       0xec ./Core/Src/tim.o
                0x08002700                MX_TIM4_Init
 .text.HAL_TIM_Base_MspInit
                0x080027ec       0x98 ./Core/Src/tim.o
                0x080027ec                HAL_TIM_Base_MspInit
 .text.HAL_TIM_MspPostInit
                0x08002884       0xcc ./Core/Src/tim.o
                0x08002884                HAL_TIM_MspPostInit
 .text.MX_USART2_UART_Init
                0x08002950       0x54 ./Core/Src/usart.o
                0x08002950                MX_USART2_UART_Init
 .text.HAL_UART_MspInit
                0x080029a4       0x7c ./Core/Src/usart.o
                0x080029a4                HAL_UART_MspInit
 .text.Reset_Handler
                0x08002a20       0x48 ./Core/Startup/startup_stm32f103rbtx.o
                0x08002a20                Reset_Handler
 .text.Default_Handler
                0x08002a68        0x2 ./Core/Startup/startup_stm32f103rbtx.o
                0x08002a68                RTC_Alarm_IRQHandler
                0x08002a68                TIM1_CC_IRQHandler
                0x08002a68                PVD_IRQHandler
                0x08002a68                I2C2_EV_IRQHandler
                0x08002a68                ADC1_2_IRQHandler
                0x08002a68                SPI1_IRQHandler
                0x08002a68                TAMPER_IRQHandler
                0x08002a68                USART3_IRQHandler
                0x08002a68                RTC_IRQHandler
                0x08002a68                DMA1_Channel7_IRQHandler
                0x08002a68                CAN1_RX1_IRQHandler
                0x08002a68                I2C1_EV_IRQHandler
                0x08002a68                DMA1_Channel6_IRQHandler
                0x08002a68                TIM3_IRQHandler
                0x08002a68                RCC_IRQHandler
                0x08002a68                TIM1_TRG_COM_IRQHandler
                0x08002a68                DMA1_Channel1_IRQHandler
                0x08002a68                Default_Handler
                0x08002a68                EXTI9_5_IRQHandler
                0x08002a68                SPI2_IRQHandler
                0x08002a68                DMA1_Channel5_IRQHandler
                0x08002a68                EXTI4_IRQHandler
                0x08002a68                USB_LP_CAN1_RX0_IRQHandler
                0x08002a68                USB_HP_CAN1_TX_IRQHandler
                0x08002a68                DMA1_Channel3_IRQHandler
                0x08002a68                TIM1_UP_IRQHandler
                0x08002a68                WWDG_IRQHandler
                0x08002a68                TIM2_IRQHandler
                0x08002a68                TIM1_BRK_IRQHandler
                0x08002a68                USART2_IRQHandler
                0x08002a68                I2C2_ER_IRQHandler
                0x08002a68                DMA1_Channel2_IRQHandler
                0x08002a68                CAN1_SCE_IRQHandler
                0x08002a68                FLASH_IRQHandler
                0x08002a68                USART1_IRQHandler
                0x08002a68                I2C1_ER_IRQHandler
                0x08002a68                USBWakeUp_IRQHandler
 *fill*         0x08002a6a        0x2 
 .text.HAL_Init
                0x08002a6c       0x2c ./Drivers/STM32F1xx_HAL_Driver/Src/stm32f1xx_hal.o
                0x08002a6c                HAL_Init
 .text.HAL_InitTick
                0x08002a98       0x60 ./Drivers/STM32F1xx_HAL_Driver/Src/stm32f1xx_hal.o
                0x08002a98                HAL_InitTick
 .text.HAL_IncTick
                0x08002af8       0x24 ./Drivers/STM32F1xx_HAL_Driver/Src/stm32f1xx_hal.o
                0x08002af8                HAL_IncTick
 .text.HAL_GetTick
                0x08002b1c       0x14 ./Drivers/STM32F1xx_HAL_Driver/Src/stm32f1xx_hal.o
                0x08002b1c                HAL_GetTick
 .text.HAL_Delay
                0x08002b30       0x48 ./Drivers/STM32F1xx_HAL_Driver/Src/stm32f1xx_hal.o
                0x08002b30                HAL_Delay
 .text.__NVIC_SetPriorityGrouping
                0x08002b78       0x48 ./Drivers/STM32F1xx_HAL_Driver/Src/stm32f1xx_hal_cortex.o
 .text.__NVIC_GetPriorityGrouping
                0x08002bc0       0x1c ./Drivers/STM32F1xx_HAL_Driver/Src/stm32f1xx_hal_cortex.o
 .text.__NVIC_EnableIRQ
                0x08002bdc       0x38 ./Drivers/STM32F1xx_HAL_Driver/Src/stm32f1xx_hal_cortex.o
 .text.__NVIC_SetPriority
                0x08002c14       0x54 ./Drivers/STM32F1xx_HAL_Driver/Src/stm32f1xx_hal_cortex.o
 .text.NVIC_EncodePriority
                0x08002c68       0x64 ./Drivers/STM32F1xx_HAL_Driver/Src/stm32f1xx_hal_cortex.o
 .text.SysTick_Config
                0x08002ccc       0x44 ./Drivers/STM32F1xx_HAL_Driver/Src/stm32f1xx_hal_cortex.o
 .text.HAL_NVIC_SetPriorityGrouping
                0x08002d10       0x16 ./Drivers/STM32F1xx_HAL_Driver/Src/stm32f1xx_hal_cortex.o
                0x08002d10                HAL_NVIC_SetPriorityGrouping
 .text.HAL_NVIC_SetPriority
                0x08002d26       0x38 ./Drivers/STM32F1xx_HAL_Driver/Src/stm32f1xx_hal_cortex.o
                0x08002d26                HAL_NVIC_SetPriority
 .text.HAL_NVIC_EnableIRQ
                0x08002d5e       0x1c ./Drivers/STM32F1xx_HAL_Driver/Src/stm32f1xx_hal_cortex.o
                0x08002d5e                HAL_NVIC_EnableIRQ
 .text.HAL_SYSTICK_Config
                0x08002d7a       0x18 ./Drivers/STM32F1xx_HAL_Driver/Src/stm32f1xx_hal_cortex.o
                0x08002d7a                HAL_SYSTICK_Config
 *fill*         0x08002d92        0x2 
 .text.HAL_DMA_Init
                0x08002d94       0xb4 ./Drivers/STM32F1xx_HAL_Driver/Src/stm32f1xx_hal_dma.o
                0x08002d94                HAL_DMA_Init
 .text.HAL_DMA_IRQHandler
                0x08002e48      0x20c ./Drivers/STM32F1xx_HAL_Driver/Src/stm32f1xx_hal_dma.o
                0x08002e48                HAL_DMA_IRQHandler
 .text.HAL_GPIO_Init
                0x08003054      0x308 ./Drivers/STM32F1xx_HAL_Driver/Src/stm32f1xx_hal_gpio.o
                0x08003054                HAL_GPIO_Init
 .text.HAL_GPIO_ReadPin
                0x0800335c       0x2e ./Drivers/STM32F1xx_HAL_Driver/Src/stm32f1xx_hal_gpio.o
                0x0800335c                HAL_GPIO_ReadPin
 .text.HAL_GPIO_WritePin
                0x0800338a       0x30 ./Drivers/STM32F1xx_HAL_Driver/Src/stm32f1xx_hal_gpio.o
                0x0800338a                HAL_GPIO_WritePin
 .text.HAL_GPIO_TogglePin
                0x080033ba       0x32 ./Drivers/STM32F1xx_HAL_Driver/Src/stm32f1xx_hal_gpio.o
                0x080033ba                HAL_GPIO_TogglePin
 .text.HAL_GPIO_EXTI_IRQHandler
                0x080033ec       0x30 ./Drivers/STM32F1xx_HAL_Driver/Src/stm32f1xx_hal_gpio.o
                0x080033ec                HAL_GPIO_EXTI_IRQHandler
 .text.HAL_I2C_Init
                0x0800341c      0x288 ./Drivers/STM32F1xx_HAL_Driver/Src/stm32f1xx_hal_i2c.o
                0x0800341c                HAL_I2C_Init
 .text.HAL_I2C_Mem_Write
                0x080036a4      0x1f4 ./Drivers/STM32F1xx_HAL_Driver/Src/stm32f1xx_hal_i2c.o
                0x080036a4                HAL_I2C_Mem_Write
 .text.HAL_I2C_Mem_Read
                0x08003898      0x4e8 ./Drivers/STM32F1xx_HAL_Driver/Src/stm32f1xx_hal_i2c.o
                0x08003898                HAL_I2C_Mem_Read
 .text.I2C_RequestMemoryWrite
                0x08003d80      0x12c ./Drivers/STM32F1xx_HAL_Driver/Src/stm32f1xx_hal_i2c.o
 .text.I2C_RequestMemoryRead
                0x08003eac      0x1d0 ./Drivers/STM32F1xx_HAL_Driver/Src/stm32f1xx_hal_i2c.o
 .text.I2C_WaitOnFlagUntilTimeout
                0x0800407c       0xf4 ./Drivers/STM32F1xx_HAL_Driver/Src/stm32f1xx_hal_i2c.o
 .text.I2C_WaitOnMasterAddressFlagUntilTimeout
                0x08004170      0x140 ./Drivers/STM32F1xx_HAL_Driver/Src/stm32f1xx_hal_i2c.o
 .text.I2C_WaitOnTXEFlagUntilTimeout
                0x080042b0       0x90 ./Drivers/STM32F1xx_HAL_Driver/Src/stm32f1xx_hal_i2c.o
 .text.I2C_WaitOnBTFFlagUntilTimeout
                0x08004340       0x90 ./Drivers/STM32F1xx_HAL_Driver/Src/stm32f1xx_hal_i2c.o
 .text.I2C_WaitOnRXNEFlagUntilTimeout
                0x080043d0       0xba ./Drivers/STM32F1xx_HAL_Driver/Src/stm32f1xx_hal_i2c.o
 .text.I2C_IsAcknowledgeFailed
                0x0800448a       0x5c ./Drivers/STM32F1xx_HAL_Driver/Src/stm32f1xx_hal_i2c.o
 *fill*         0x080044e6        0x2 
 .text.HAL_RCC_OscConfig
                0x080044e8      0x504 ./Drivers/STM32F1xx_HAL_Driver/Src/stm32f1xx_hal_rcc.o
                0x080044e8                HAL_RCC_OscConfig
 .text.HAL_RCC_ClockConfig
                0x080049ec      0x1d4 ./Drivers/STM32F1xx_HAL_Driver/Src/stm32f1xx_hal_rcc.o
                0x080049ec                HAL_RCC_ClockConfig
 .text.HAL_RCC_GetSysClockFreq
                0x08004bc0       0xa8 ./Drivers/STM32F1xx_HAL_Driver/Src/stm32f1xx_hal_rcc.o
                0x08004bc0                HAL_RCC_GetSysClockFreq
 .text.HAL_RCC_GetHCLKFreq
                0x08004c68       0x14 ./Drivers/STM32F1xx_HAL_Driver/Src/stm32f1xx_hal_rcc.o
                0x08004c68                HAL_RCC_GetHCLKFreq
 .text.HAL_RCC_GetPCLK1Freq
                0x08004c7c       0x28 ./Drivers/STM32F1xx_HAL_Driver/Src/stm32f1xx_hal_rcc.o
                0x08004c7c                HAL_RCC_GetPCLK1Freq
 .text.HAL_RCC_GetPCLK2Freq
                0x08004ca4       0x28 ./Drivers/STM32F1xx_HAL_Driver/Src/stm32f1xx_hal_rcc.o
                0x08004ca4                HAL_RCC_GetPCLK2Freq
 .text.RCC_Delay
                0x08004ccc       0x3c ./Drivers/STM32F1xx_HAL_Driver/Src/stm32f1xx_hal_rcc.o
 .text.HAL_TIM_Base_Init
                0x08004d08       0x9e ./Drivers/STM32F1xx_HAL_Driver/Src/stm32f1xx_hal_tim.o
                0x08004d08                HAL_TIM_Base_Init
 *fill*         0x08004da6        0x2 
 .text.HAL_TIM_Base_Start
                0x08004da8       0x94 ./Drivers/STM32F1xx_HAL_Driver/Src/stm32f1xx_hal_tim.o
                0x08004da8                HAL_TIM_Base_Start
 .text.HAL_TIM_PWM_Init
                0x08004e3c       0x9e ./Drivers/STM32F1xx_HAL_Driver/Src/stm32f1xx_hal_tim.o
                0x08004e3c                HAL_TIM_PWM_Init
 .text.HAL_TIM_PWM_MspInit
                0x08004eda       0x12 ./Drivers/STM32F1xx_HAL_Driver/Src/stm32f1xx_hal_tim.o
                0x08004eda                HAL_TIM_PWM_MspInit
 .text.HAL_TIM_PWM_Start
                0x08004eec      0x144 ./Drivers/STM32F1xx_HAL_Driver/Src/stm32f1xx_hal_tim.o
                0x08004eec                HAL_TIM_PWM_Start
 .text.HAL_TIM_IRQHandler
                0x08005030      0x1e0 ./Drivers/STM32F1xx_HAL_Driver/Src/stm32f1xx_hal_tim.o
                0x08005030                HAL_TIM_IRQHandler
 .text.HAL_TIM_PWM_ConfigChannel
                0x08005210      0x184 ./Drivers/STM32F1xx_HAL_Driver/Src/stm32f1xx_hal_tim.o
                0x08005210                HAL_TIM_PWM_ConfigChannel
 .text.HAL_TIM_ConfigClockSource
                0x08005394      0x18e ./Drivers/STM32F1xx_HAL_Driver/Src/stm32f1xx_hal_tim.o
                0x08005394                HAL_TIM_ConfigClockSource
 .text.HAL_TIM_PeriodElapsedCallback
                0x08005522       0x12 ./Drivers/STM32F1xx_HAL_Driver/Src/stm32f1xx_hal_tim.o
                0x08005522                HAL_TIM_PeriodElapsedCallback
 .text.HAL_TIM_OC_DelayElapsedCallback
                0x08005534       0x12 ./Drivers/STM32F1xx_HAL_Driver/Src/stm32f1xx_hal_tim.o
                0x08005534                HAL_TIM_OC_DelayElapsedCallback
 .text.HAL_TIM_IC_CaptureCallback
                0x08005546       0x12 ./Drivers/STM32F1xx_HAL_Driver/Src/stm32f1xx_hal_tim.o
                0x08005546                HAL_TIM_IC_CaptureCallback
 .text.HAL_TIM_PWM_PulseFinishedCallback
                0x08005558       0x12 ./Drivers/STM32F1xx_HAL_Driver/Src/stm32f1xx_hal_tim.o
                0x08005558                HAL_TIM_PWM_PulseFinishedCallback
 .text.HAL_TIM_TriggerCallback
                0x0800556a       0x12 ./Drivers/STM32F1xx_HAL_Driver/Src/stm32f1xx_hal_tim.o
                0x0800556a                HAL_TIM_TriggerCallback
 .text.TIM_Base_SetConfig
                0x0800557c       0xdc ./Drivers/STM32F1xx_HAL_Driver/Src/stm32f1xx_hal_tim.o
                0x0800557c                TIM_Base_SetConfig
 .text.TIM_OC1_SetConfig
                0x08005658       0xcc ./Drivers/STM32F1xx_HAL_Driver/Src/stm32f1xx_hal_tim.o
 .text.TIM_OC2_SetConfig
                0x08005724       0xd4 ./Drivers/STM32F1xx_HAL_Driver/Src/stm32f1xx_hal_tim.o
                0x08005724                TIM_OC2_SetConfig
 .text.TIM_OC3_SetConfig
                0x080057f8       0xd4 ./Drivers/STM32F1xx_HAL_Driver/Src/stm32f1xx_hal_tim.o
 .text.TIM_OC4_SetConfig
                0x080058cc       0x9c ./Drivers/STM32F1xx_HAL_Driver/Src/stm32f1xx_hal_tim.o
 .text.TIM_TI1_ConfigInputStage
                0x08005968       0x5c ./Drivers/STM32F1xx_HAL_Driver/Src/stm32f1xx_hal_tim.o
 .text.TIM_TI2_ConfigInputStage
                0x080059c4       0x5e ./Drivers/STM32F1xx_HAL_Driver/Src/stm32f1xx_hal_tim.o
 .text.TIM_ITRx_SetConfig
                0x08005a22       0x34 ./Drivers/STM32F1xx_HAL_Driver/Src/stm32f1xx_hal_tim.o
 .text.TIM_ETR_SetConfig
                0x08005a56       0x3e ./Drivers/STM32F1xx_HAL_Driver/Src/stm32f1xx_hal_tim.o
                0x08005a56                TIM_ETR_SetConfig
 .text.TIM_CCxChannelCmd
                0x08005a94       0x48 ./Drivers/STM32F1xx_HAL_Driver/Src/stm32f1xx_hal_tim.o
                0x08005a94                TIM_CCxChannelCmd
 .text.HAL_TIMEx_MasterConfigSynchronization
                0x08005adc       0xbc ./Drivers/STM32F1xx_HAL_Driver/Src/stm32f1xx_hal_tim_ex.o
                0x08005adc                HAL_TIMEx_MasterConfigSynchronization
 .text.HAL_TIMEx_CommutCallback
                0x08005b98       0x12 ./Drivers/STM32F1xx_HAL_Driver/Src/stm32f1xx_hal_tim_ex.o
                0x08005b98                HAL_TIMEx_CommutCallback
 .text.HAL_TIMEx_BreakCallback
                0x08005baa       0x12 ./Drivers/STM32F1xx_HAL_Driver/Src/stm32f1xx_hal_tim_ex.o
                0x08005baa                HAL_TIMEx_BreakCallback
 .text.HAL_UART_Init
                0x08005bbc       0xa0 ./Drivers/STM32F1xx_HAL_Driver/Src/stm32f1xx_hal_uart.o
                0x08005bbc                HAL_UART_Init
 .text.UART_SetConfig
                0x08005c5c      0x11c ./Drivers/STM32F1xx_HAL_Driver/Src/stm32f1xx_hal_uart.o
 .text.sprintf  0x08005d78       0x40 C:/ST/STM32CubeIDE_1.17.0/STM32CubeIDE/plugins/com.st.stm32cube.ide.mcu.externaltools.gnu-tools-for-stm32.12.3.rel1.win32_1.1.0.202410251130/tools/bin/../lib/gcc/arm-none-eabi/12.3.1/../../../../arm-none-eabi/lib/thumb/v7-m/nofp\libc_nano.a(libc_a-sprintf.o)
                0x08005d78                siprintf
                0x08005d78                sprintf
 .text.memset   0x08005db8       0x10 C:/ST/STM32CubeIDE_1.17.0/STM32CubeIDE/plugins/com.st.stm32cube.ide.mcu.externaltools.gnu-tools-for-stm32.12.3.rel1.win32_1.1.0.202410251130/tools/bin/../lib/gcc/arm-none-eabi/12.3.1/../../../../arm-none-eabi/lib/thumb/v7-m/nofp\libc_nano.a(libc_a-memset.o)
                0x08005db8                memset
 .text.__errno  0x08005dc8        0xc C:/ST/STM32CubeIDE_1.17.0/STM32CubeIDE/plugins/com.st.stm32cube.ide.mcu.externaltools.gnu-tools-for-stm32.12.3.rel1.win32_1.1.0.202410251130/tools/bin/../lib/gcc/arm-none-eabi/12.3.1/../../../../arm-none-eabi/lib/thumb/v7-m/nofp\libc_nano.a(libc_a-errno.o)
                0x08005dc8                __errno
 .text.__libc_init_array
                0x08005dd4       0x48 C:/ST/STM32CubeIDE_1.17.0/STM32CubeIDE/plugins/com.st.stm32cube.ide.mcu.externaltools.gnu-tools-for-stm32.12.3.rel1.win32_1.1.0.202410251130/tools/bin/../lib/gcc/arm-none-eabi/12.3.1/../../../../arm-none-eabi/lib/thumb/v7-m/nofp\libc_nano.a(libc_a-init.o)
                0x08005dd4                __libc_init_array
 .text.__retarget_lock_acquire_recursive
                0x08005e1c        0x2 C:/ST/STM32CubeIDE_1.17.0/STM32CubeIDE/plugins/com.st.stm32cube.ide.mcu.externaltools.gnu-tools-for-stm32.12.3.rel1.win32_1.1.0.202410251130/tools/bin/../lib/gcc/arm-none-eabi/12.3.1/../../../../arm-none-eabi/lib/thumb/v7-m/nofp\libc_nano.a(libc_a-lock.o)
                0x08005e1c                __retarget_lock_acquire_recursive
 .text.__retarget_lock_release_recursive
                0x08005e1e        0x2 C:/ST/STM32CubeIDE_1.17.0/STM32CubeIDE/plugins/com.st.stm32cube.ide.mcu.externaltools.gnu-tools-for-stm32.12.3.rel1.win32_1.1.0.202410251130/tools/bin/../lib/gcc/arm-none-eabi/12.3.1/../../../../arm-none-eabi/lib/thumb/v7-m/nofp\libc_nano.a(libc_a-lock.o)
                0x08005e1e                __retarget_lock_release_recursive
 .text._free_r  0x08005e20       0x90 C:/ST/STM32CubeIDE_1.17.0/STM32CubeIDE/plugins/com.st.stm32cube.ide.mcu.externaltools.gnu-tools-for-stm32.12.3.rel1.win32_1.1.0.202410251130/tools/bin/../lib/gcc/arm-none-eabi/12.3.1/../../../../arm-none-eabi/lib/thumb/v7-m/nofp\libc_nano.a(libc_a-freer.o)
                0x08005e20                _free_r
 .text.sbrk_aligned
                0x08005eb0       0x44 C:/ST/STM32CubeIDE_1.17.0/STM32CubeIDE/plugins/com.st.stm32cube.ide.mcu.externaltools.gnu-tools-for-stm32.12.3.rel1.win32_1.1.0.202410251130/tools/bin/../lib/gcc/arm-none-eabi/12.3.1/../../../../arm-none-eabi/lib/thumb/v7-m/nofp\libc_nano.a(libc_a-mallocr.o)
 .text._malloc_r
                0x08005ef4      0x100 C:/ST/STM32CubeIDE_1.17.0/STM32CubeIDE/plugins/com.st.stm32cube.ide.mcu.externaltools.gnu-tools-for-stm32.12.3.rel1.win32_1.1.0.202410251130/tools/bin/../lib/gcc/arm-none-eabi/12.3.1/../../../../arm-none-eabi/lib/thumb/v7-m/nofp\libc_nano.a(libc_a-mallocr.o)
                0x08005ef4                _malloc_r
 .text.__malloc_lock
                0x08005ff4        0xc C:/ST/STM32CubeIDE_1.17.0/STM32CubeIDE/plugins/com.st.stm32cube.ide.mcu.externaltools.gnu-tools-for-stm32.12.3.rel1.win32_1.1.0.202410251130/tools/bin/../lib/gcc/arm-none-eabi/12.3.1/../../../../arm-none-eabi/lib/thumb/v7-m/nofp\libc_nano.a(libc_a-mlock.o)
                0x08005ff4                __malloc_lock
 .text.__malloc_unlock
                0x08006000        0xc C:/ST/STM32CubeIDE_1.17.0/STM32CubeIDE/plugins/com.st.stm32cube.ide.mcu.externaltools.gnu-tools-for-stm32.12.3.rel1.win32_1.1.0.202410251130/tools/bin/../lib/gcc/arm-none-eabi/12.3.1/../../../../arm-none-eabi/lib/thumb/v7-m/nofp\libc_nano.a(libc_a-mlock.o)
                0x08006000                __malloc_unlock
 .text.__ssputs_r
                0x0800600c       0xb6 C:/ST/STM32CubeIDE_1.17.0/STM32CubeIDE/plugins/com.st.stm32cube.ide.mcu.externaltools.gnu-tools-for-stm32.12.3.rel1.win32_1.1.0.202410251130/tools/bin/../lib/gcc/arm-none-eabi/12.3.1/../../../../arm-none-eabi/lib/thumb/v7-m/nofp\libc_nano.a(libc_a-nano-svfprintf.o)
                0x0800600c                __ssputs_r
 *fill*         0x080060c2        0x2 
 .text._svfprintf_r
                0x080060c4      0x1f8 C:/ST/STM32CubeIDE_1.17.0/STM32CubeIDE/plugins/com.st.stm32cube.ide.mcu.externaltools.gnu-tools-for-stm32.12.3.rel1.win32_1.1.0.202410251130/tools/bin/../lib/gcc/arm-none-eabi/12.3.1/../../../../arm-none-eabi/lib/thumb/v7-m/nofp\libc_nano.a(libc_a-nano-svfprintf.o)
                0x080060c4                _svfiprintf_r
                0x080060c4                _svfprintf_r
 .text._printf_common
                0x080062bc       0xe4 C:/ST/STM32CubeIDE_1.17.0/STM32CubeIDE/plugins/com.st.stm32cube.ide.mcu.externaltools.gnu-tools-for-stm32.12.3.rel1.win32_1.1.0.202410251130/tools/bin/../lib/gcc/arm-none-eabi/12.3.1/../../../../arm-none-eabi/lib/thumb/v7-m/nofp\libc_nano.a(libc_a-nano-vfprintf_i.o)
                0x080062bc                _printf_common
 .text._printf_i
                0x080063a0      0x240 C:/ST/STM32CubeIDE_1.17.0/STM32CubeIDE/plugins/com.st.stm32cube.ide.mcu.externaltools.gnu-tools-for-stm32.12.3.rel1.win32_1.1.0.202410251130/tools/bin/../lib/gcc/arm-none-eabi/12.3.1/../../../../arm-none-eabi/lib/thumb/v7-m/nofp\libc_nano.a(libc_a-nano-vfprintf_i.o)
                0x080063a0                _printf_i
 .text.memmove  0x080065e0       0x34 C:/ST/STM32CubeIDE_1.17.0/STM32CubeIDE/plugins/com.st.stm32cube.ide.mcu.externaltools.gnu-tools-for-stm32.12.3.rel1.win32_1.1.0.202410251130/tools/bin/../lib/gcc/arm-none-eabi/12.3.1/../../../../arm-none-eabi/lib/thumb/v7-m/nofp\libc_nano.a(libc_a-memmove.o)
                0x080065e0                memmove
 .text._sbrk_r  0x08006614       0x20 C:/ST/STM32CubeIDE_1.17.0/STM32CubeIDE/plugins/com.st.stm32cube.ide.mcu.externaltools.gnu-tools-for-stm32.12.3.rel1.win32_1.1.0.202410251130/tools/bin/../lib/gcc/arm-none-eabi/12.3.1/../../../../arm-none-eabi/lib/thumb/v7-m/nofp\libc_nano.a(libc_a-sbrkr.o)
                0x08006614                _sbrk_r
 .text.memchr   0x08006634       0x1c C:/ST/STM32CubeIDE_1.17.0/STM32CubeIDE/plugins/com.st.stm32cube.ide.mcu.externaltools.gnu-tools-for-stm32.12.3.rel1.win32_1.1.0.202410251130/tools/bin/../lib/gcc/arm-none-eabi/12.3.1/../../../../arm-none-eabi/lib/thumb/v7-m/nofp\libc_nano.a(libc_a-memchr-stub.o)
                0x08006634                memchr
 .text.memcpy   0x08006650       0x1c C:/ST/STM32CubeIDE_1.17.0/STM32CubeIDE/plugins/com.st.stm32cube.ide.mcu.externaltools.gnu-tools-for-stm32.12.3.rel1.win32_1.1.0.202410251130/tools/bin/../lib/gcc/arm-none-eabi/12.3.1/../../../../arm-none-eabi/lib/thumb/v7-m/nofp\libc_nano.a(libc_a-memcpy-stub.o)
                0x08006650                memcpy
 .text._realloc_r
                0x0800666c       0x5c C:/ST/STM32CubeIDE_1.17.0/STM32CubeIDE/plugins/com.st.stm32cube.ide.mcu.externaltools.gnu-tools-for-stm32.12.3.rel1.win32_1.1.0.202410251130/tools/bin/../lib/gcc/arm-none-eabi/12.3.1/../../../../arm-none-eabi/lib/thumb/v7-m/nofp\libc_nano.a(libc_a-reallocr.o)
                0x0800666c                _realloc_r
 .text._malloc_usable_size_r
                0x080066c8       0x10 C:/ST/STM32CubeIDE_1.17.0/STM32CubeIDE/plugins/com.st.stm32cube.ide.mcu.externaltools.gnu-tools-for-stm32.12.3.rel1.win32_1.1.0.202410251130/tools/bin/../lib/gcc/arm-none-eabi/12.3.1/../../../../arm-none-eabi/lib/thumb/v7-m/nofp\libc_nano.a(libc_a-msizer.o)
                0x080066c8                _malloc_usable_size_r
 *(.glue_7)
 .glue_7        0x080066d8        0x0 linker stubs
 *(.glue_7t)
 .glue_7t       0x080066d8        0x0 linker stubs
 *(.eh_frame)
 .eh_frame      0x080066d8        0x0 C:/ST/STM32CubeIDE_1.17.0/STM32CubeIDE/plugins/com.st.stm32cube.ide.mcu.externaltools.gnu-tools-for-stm32.12.3.rel1.win32_1.1.0.202410251130/tools/bin/../lib/gcc/arm-none-eabi/12.3.1/thumb/v7-m/nofp/crtbegin.o
 *(.init)
 .init          0x080066d8        0x4 C:/ST/STM32CubeIDE_1.17.0/STM32CubeIDE/plugins/com.st.stm32cube.ide.mcu.externaltools.gnu-tools-for-stm32.12.3.rel1.win32_1.1.0.202410251130/tools/bin/../lib/gcc/arm-none-eabi/12.3.1/thumb/v7-m/nofp/crti.o
                0x080066d8                _init
 .init          0x080066dc        0x8 C:/ST/STM32CubeIDE_1.17.0/STM32CubeIDE/plugins/com.st.stm32cube.ide.mcu.externaltools.gnu-tools-for-stm32.12.3.rel1.win32_1.1.0.202410251130/tools/bin/../lib/gcc/arm-none-eabi/12.3.1/thumb/v7-m/nofp/crtn.o
 *(.fini)
 .fini          0x080066e4        0x4 C:/ST/STM32CubeIDE_1.17.0/STM32CubeIDE/plugins/com.st.stm32cube.ide.mcu.externaltools.gnu-tools-for-stm32.12.3.rel1.win32_1.1.0.202410251130/tools/bin/../lib/gcc/arm-none-eabi/12.3.1/thumb/v7-m/nofp/crti.o
                0x080066e4                _fini
 .fini          0x080066e8        0x8 C:/ST/STM32CubeIDE_1.17.0/STM32CubeIDE/plugins/com.st.stm32cube.ide.mcu.externaltools.gnu-tools-for-stm32.12.3.rel1.win32_1.1.0.202410251130/tools/bin/../lib/gcc/arm-none-eabi/12.3.1/thumb/v7-m/nofp/crtn.o
                0x080066f0                        . = ALIGN (0x4)
                0x080066f0                        _etext = .

.vfp11_veneer   0x080066f0        0x0
 .vfp11_veneer  0x080066f0        0x0 linker stubs

.v4_bx          0x080066f0        0x0
 .v4_bx         0x080066f0        0x0 linker stubs

.iplt           0x080066f0        0x0
 .iplt          0x080066f0        0x0 C:/ST/STM32CubeIDE_1.17.0/STM32CubeIDE/plugins/com.st.stm32cube.ide.mcu.externaltools.gnu-tools-for-stm32.12.3.rel1.win32_1.1.0.202410251130/tools/bin/../lib/gcc/arm-none-eabi/12.3.1/thumb/v7-m/nofp/crtbegin.o

.rodata         0x080066f0      0x35c
                0x080066f0                        . = ALIGN (0x4)
 *(.rodata)
 .rodata        0x080066f0      0x11c ./Core/Src/Honey_Display.o
 *(.rodata*)
 .rodata.font_8x5
                0x0800680c      0x1dd ./Core/Src/Honey_Display.o
                0x0800680c                font_8x5
 *fill*         0x080069e9        0x3 
 .rodata.AHBPrescTable
                0x080069ec       0x10 ./Core/Src/system_stm32f1xx.o
                0x080069ec                AHBPrescTable
 .rodata.APBPrescTable
                0x080069fc        0x8 ./Core/Src/system_stm32f1xx.o
                0x080069fc                APBPrescTable
 .rodata.aPLLMULFactorTable.1
                0x08006a04       0x10 ./Drivers/STM32F1xx_HAL_Driver/Src/stm32f1xx_hal_rcc.o
 .rodata.aPredivFactorTable.0
                0x08006a14        0x2 ./Drivers/STM32F1xx_HAL_Driver/Src/stm32f1xx_hal_rcc.o
 .rodata._svfprintf_r.str1.1
                0x08006a16       0x11 C:/ST/STM32CubeIDE_1.17.0/STM32CubeIDE/plugins/com.st.stm32cube.ide.mcu.externaltools.gnu-tools-for-stm32.12.3.rel1.win32_1.1.0.202410251130/tools/bin/../lib/gcc/arm-none-eabi/12.3.1/../../../../arm-none-eabi/lib/thumb/v7-m/nofp\libc_nano.a(libc_a-nano-svfprintf.o)
 .rodata._printf_i.str1.1
                0x08006a27       0x22 C:/ST/STM32CubeIDE_1.17.0/STM32CubeIDE/plugins/com.st.stm32cube.ide.mcu.externaltools.gnu-tools-for-stm32.12.3.rel1.win32_1.1.0.202410251130/tools/bin/../lib/gcc/arm-none-eabi/12.3.1/../../../../arm-none-eabi/lib/thumb/v7-m/nofp\libc_nano.a(libc_a-nano-vfprintf_i.o)
                0x08006a4c                        . = ALIGN (0x4)
 *fill*         0x08006a49        0x3 

.ARM.extab      0x08006a4c        0x0
                0x08006a4c                        . = ALIGN (0x4)
 *(.ARM.extab* .gnu.linkonce.armextab.*)
                0x08006a4c                        . = ALIGN (0x4)

.ARM            0x08006a4c        0x0
                0x08006a4c                        . = ALIGN (0x4)
                0x08006a4c                        __exidx_start = .
 *(.ARM.exidx*)
                0x08006a4c                        __exidx_end = .
                0x08006a4c                        . = ALIGN (0x4)

.preinit_array  0x08006a4c        0x0
                0x08006a4c                        . = ALIGN (0x4)
                0x08006a4c                        PROVIDE (__preinit_array_start = .)
 *(.preinit_array*)
                0x08006a4c                        PROVIDE (__preinit_array_end = .)
                0x08006a4c                        . = ALIGN (0x4)

.init_array     0x08006a4c        0x4
                0x08006a4c                        . = ALIGN (0x4)
                0x08006a4c                        PROVIDE (__init_array_start = .)
 *(SORT_BY_NAME(.init_array.*))
 *(.init_array*)
 .init_array    0x08006a4c        0x4 C:/ST/STM32CubeIDE_1.17.0/STM32CubeIDE/plugins/com.st.stm32cube.ide.mcu.externaltools.gnu-tools-for-stm32.12.3.rel1.win32_1.1.0.202410251130/tools/bin/../lib/gcc/arm-none-eabi/12.3.1/thumb/v7-m/nofp/crtbegin.o
                0x08006a50                        PROVIDE (__init_array_end = .)
                0x08006a50                        . = ALIGN (0x4)

.fini_array     0x08006a50        0x4
                0x08006a50                        . = ALIGN (0x4)
                [!provide]                        PROVIDE (__fini_array_start = .)
 *(SORT_BY_NAME(.fini_array.*))
 *(.fini_array*)
 .fini_array    0x08006a50        0x4 C:/ST/STM32CubeIDE_1.17.0/STM32CubeIDE/plugins/com.st.stm32cube.ide.mcu.externaltools.gnu-tools-for-stm32.12.3.rel1.win32_1.1.0.202410251130/tools/bin/../lib/gcc/arm-none-eabi/12.3.1/thumb/v7-m/nofp/crtbegin.o
                [!provide]                        PROVIDE (__fini_array_end = .)
                0x08006a54                        . = ALIGN (0x4)
                0x08006a54                        _sidata = LOADADDR (.data)

.rel.dyn        0x08006a54        0x0
 .rel.iplt      0x08006a54        0x0 C:/ST/STM32CubeIDE_1.17.0/STM32CubeIDE/plugins/com.st.stm32cube.ide.mcu.externaltools.gnu-tools-for-stm32.12.3.rel1.win32_1.1.0.202410251130/tools/bin/../lib/gcc/arm-none-eabi/12.3.1/thumb/v7-m/nofp/crtbegin.o

.data           0x20000000       0x60 load address 0x08006a54
                0x20000000                        . = ALIGN (0x4)
                0x20000000                        _sdata = .
 *(.data)
 *(.data*)
 .data.size     0x20000000        0x1 ./Core/Src/GFX_BW.o
                0x20000000                size
 *fill*         0x20000001        0x3 
 .data.SystemCoreClock
                0x20000004        0x4 ./Core/Src/system_stm32f1xx.o
                0x20000004                SystemCoreClock
 .data.uwTickPrio
                0x20000008        0x4 ./Drivers/STM32F1xx_HAL_Driver/Src/stm32f1xx_hal.o
                0x20000008                uwTickPrio
 .data.uwTickFreq
                0x2000000c        0x1 ./Drivers/STM32F1xx_HAL_Driver/Src/stm32f1xx_hal.o
                0x2000000c                uwTickFreq
 *fill*         0x2000000d        0x3 
 .data._impure_ptr
                0x20000010        0x4 C:/ST/STM32CubeIDE_1.17.0/STM32CubeIDE/plugins/com.st.stm32cube.ide.mcu.externaltools.gnu-tools-for-stm32.12.3.rel1.win32_1.1.0.202410251130/tools/bin/../lib/gcc/arm-none-eabi/12.3.1/../../../../arm-none-eabi/lib/thumb/v7-m/nofp\libc_nano.a(libc_a-impure.o)
                0x20000010                _impure_ptr
 .data._impure_data
                0x20000014       0x4c C:/ST/STM32CubeIDE_1.17.0/STM32CubeIDE/plugins/com.st.stm32cube.ide.mcu.externaltools.gnu-tools-for-stm32.12.3.rel1.win32_1.1.0.202410251130/tools/bin/../lib/gcc/arm-none-eabi/12.3.1/../../../../arm-none-eabi/lib/thumb/v7-m/nofp\libc_nano.a(libc_a-impure.o)
                0x20000014                _impure_data
 *(.RamFunc)
 *(.RamFunc*)
                0x20000060                        . = ALIGN (0x4)
                0x20000060                        _edata = .

.igot.plt       0x20000060        0x0 load address 0x08006ab4
 .igot.plt      0x20000060        0x0 C:/ST/STM32CubeIDE_1.17.0/STM32CubeIDE/plugins/com.st.stm32cube.ide.mcu.externaltools.gnu-tools-for-stm32.12.3.rel1.win32_1.1.0.202410251130/tools/bin/../lib/gcc/arm-none-eabi/12.3.1/thumb/v7-m/nofp/crtbegin.o
                0x20000060                        . = ALIGN (0x4)

.bss            0x20000060      0x7f8 load address 0x08006ab4
                0x20000060                        _sbss = .
                0x20000060                        __bss_start__ = _sbss
 *(.bss)
 .bss           0x20000060       0x1c C:/ST/STM32CubeIDE_1.17.0/STM32CubeIDE/plugins/com.st.stm32cube.ide.mcu.externaltools.gnu-tools-for-stm32.12.3.rel1.win32_1.1.0.202410251130/tools/bin/../lib/gcc/arm-none-eabi/12.3.1/thumb/v7-m/nofp/crtbegin.o
 *(.bss*)
 .bss.eeprom_i2c
                0x2000007c        0x4 ./Core/Src/Eeprom.o
                0x2000007c                eeprom_i2c
 .bss.font      0x20000080        0x4 ./Core/Src/GFX_BW.o
                0x20000080                font
 .bss.text      0x20000084       0x20 ./Core/Src/Honey_Display.o
                0x20000084                text
 .bss.Servo     0x200000a4        0xc ./Core/Src/Honey_StateMachine.o
                0x200000a4                Servo
 .bss.HelperServo
                0x200000b0        0xc ./Core/Src/Honey_StateMachine.o
                0x200000b0                HelperServo
 .bss.Buzzer    0x200000bc       0x10 ./Core/Src/Honey_StateMachine.o
                0x200000bc                Buzzer
 .bss.ButtonOne
                0x200000cc       0x18 ./Core/Src/Honey_StateMachine.o
                0x200000cc                ButtonOne
 .bss.ButtonTwo
                0x200000e4       0x18 ./Core/Src/Honey_StateMachine.o
                0x200000e4                ButtonTwo
 .bss.ButtonThree
                0x200000fc       0x18 ./Core/Src/Honey_StateMachine.o
                0x200000fc                ButtonThree
 .bss.ButtonFour
                0x20000114       0x18 ./Core/Src/Honey_StateMachine.o
                0x20000114                ButtonFour
 .bss.Weight    0x2000012c        0x8 ./Core/Src/Honey_StateMachine.o
                0x2000012c                Weight
 .bss.lastTick  0x20000134        0x4 ./Core/Src/Honey_StateMachine.o
 .bss.oled_i2c  0x20000138        0x4 ./Core/Src/SSD1306_OLED.o
                0x20000138                oled_i2c
 .bss.buffer    0x2000013c      0x400 ./Core/Src/SSD1306_OLED.o
 .bss.hi2c2     0x2000053c       0x54 ./Core/Src/i2c.o
                0x2000053c                hi2c2
 .bss.hdma_i2c2_tx
                0x20000590       0x44 ./Core/Src/i2c.o
                0x20000590                hdma_i2c2_tx
 .bss.Honey     0x200005d4       0x14 ./Core/Src/main.o
                0x200005d4                Honey
 .bss.__sbrk_heap_end
                0x200005e8        0x4 ./Core/Src/sysmem.o
 .bss.htim2     0x200005ec       0x48 ./Core/Src/tim.o
                0x200005ec                htim2
 .bss.htim3     0x20000634       0x48 ./Core/Src/tim.o
                0x20000634                htim3
 .bss.htim4     0x2000067c       0x48 ./Core/Src/tim.o
                0x2000067c                htim4
 .bss.huart2    0x200006c4       0x48 ./Core/Src/usart.o
                0x200006c4                huart2
 .bss.uwTick    0x2000070c        0x4 ./Drivers/STM32F1xx_HAL_Driver/Src/stm32f1xx_hal.o
                0x2000070c                uwTick
 .bss.__sf      0x20000710      0x138 C:/ST/STM32CubeIDE_1.17.0/STM32CubeIDE/plugins/com.st.stm32cube.ide.mcu.externaltools.gnu-tools-for-stm32.12.3.rel1.win32_1.1.0.202410251130/tools/bin/../lib/gcc/arm-none-eabi/12.3.1/../../../../arm-none-eabi/lib/thumb/v7-m/nofp\libc_nano.a(libc_a-findfp.o)
                0x20000710                __sf
 .bss.errno     0x20000848        0x4 C:/ST/STM32CubeIDE_1.17.0/STM32CubeIDE/plugins/com.st.stm32cube.ide.mcu.externaltools.gnu-tools-for-stm32.12.3.rel1.win32_1.1.0.202410251130/tools/bin/../lib/gcc/arm-none-eabi/12.3.1/../../../../arm-none-eabi/lib/thumb/v7-m/nofp\libc_nano.a(libc_a-reent.o)
                0x20000848                errno
 .bss.__lock___malloc_recursive_mutex
                0x2000084c        0x1 C:/ST/STM32CubeIDE_1.17.0/STM32CubeIDE/plugins/com.st.stm32cube.ide.mcu.externaltools.gnu-tools-for-stm32.12.3.rel1.win32_1.1.0.202410251130/tools/bin/../lib/gcc/arm-none-eabi/12.3.1/../../../../arm-none-eabi/lib/thumb/v7-m/nofp\libc_nano.a(libc_a-lock.o)
                0x2000084c                __lock___malloc_recursive_mutex
 *fill*         0x2000084d        0x3 
 .bss.__malloc_sbrk_start
                0x20000850        0x4 C:/ST/STM32CubeIDE_1.17.0/STM32CubeIDE/plugins/com.st.stm32cube.ide.mcu.externaltools.gnu-tools-for-stm32.12.3.rel1.win32_1.1.0.202410251130/tools/bin/../lib/gcc/arm-none-eabi/12.3.1/../../../../arm-none-eabi/lib/thumb/v7-m/nofp\libc_nano.a(libc_a-mallocr.o)
                0x20000850                __malloc_sbrk_start
 .bss.__malloc_free_list
                0x20000854        0x4 C:/ST/STM32CubeIDE_1.17.0/STM32CubeIDE/plugins/com.st.stm32cube.ide.mcu.externaltools.gnu-tools-for-stm32.12.3.rel1.win32_1.1.0.202410251130/tools/bin/../lib/gcc/arm-none-eabi/12.3.1/../../../../arm-none-eabi/lib/thumb/v7-m/nofp\libc_nano.a(libc_a-mallocr.o)
                0x20000854                __malloc_free_list
 *(COMMON)
                0x20000858                        . = ALIGN (0x4)
                0x20000858                        _ebss = .
                0x20000858                        __bss_end__ = _ebss

._user_heap_stack
                0x20000858      0x600 load address 0x08006ab4
                0x20000858                        . = ALIGN (0x8)
                [!provide]                        PROVIDE (end = .)
                0x20000858                        PROVIDE (_end = .)
                0x20000a58                        . = (. + _Min_Heap_Size)
 *fill*         0x20000858      0x200 
                0x20000e58                        . = (. + _Min_Stack_Size)
 *fill*         0x20000a58      0x400 
                0x20000e58                        . = ALIGN (0x8)

/DISCARD/
 libc.a(*)
 libm.a(*)
 libgcc.a(*)

.ARM.attributes
                0x00000000       0x29
 *(.ARM.attributes)
 .ARM.attributes
                0x00000000       0x1d C:/ST/STM32CubeIDE_1.17.0/STM32CubeIDE/plugins/com.st.stm32cube.ide.mcu.externaltools.gnu-tools-for-stm32.12.3.rel1.win32_1.1.0.202410251130/tools/bin/../lib/gcc/arm-none-eabi/12.3.1/thumb/v7-m/nofp/crti.o
 .ARM.attributes
                0x0000001d       0x2d C:/ST/STM32CubeIDE_1.17.0/STM32CubeIDE/plugins/com.st.stm32cube.ide.mcu.externaltools.gnu-tools-for-stm32.12.3.rel1.win32_1.1.0.202410251130/tools/bin/../lib/gcc/arm-none-eabi/12.3.1/thumb/v7-m/nofp/crtbegin.o
 .ARM.attributes
                0x0000004a       0x2d ./Core/Src/Button.o
 .ARM.attributes
                0x00000077       0x2d ./Core/Src/Buzzer.o
 .ARM.attributes
                0x000000a4       0x2d ./Core/Src/Eeprom.o
 .ARM.attributes
                0x000000d1       0x2d ./Core/Src/GFX_BW.o
 .ARM.attributes
                0x000000fe       0x2d ./Core/Src/HX711.o
 .ARM.attributes
                0x0000012b       0x2d ./Core/Src/Honey_Display.o
 .ARM.attributes
                0x00000158       0x2d ./Core/Src/Honey_StateMachine.o
 .ARM.attributes
                0x00000185       0x2d ./Core/Src/SSD1306_OLED.o
 .ARM.attributes
                0x000001b2       0x2d ./Core/Src/Servo.o
 .ARM.attributes
                0x000001df       0x2d ./Core/Src/dma.o
 .ARM.attributes
                0x0000020c       0x2d ./Core/Src/gpio.o
 .ARM.attributes
                0x00000239       0x2d ./Core/Src/i2c.o
 .ARM.attributes
                0x00000266       0x2d ./Core/Src/main.o
 .ARM.attributes
                0x00000293       0x2d ./Core/Src/stm32f1xx_hal_msp.o
 .ARM.attributes
                0x000002c0       0x2d ./Core/Src/stm32f1xx_it.o
 .ARM.attributes
                0x000002ed       0x2d ./Core/Src/sysmem.o
 .ARM.attributes
                0x0000031a       0x2d ./Core/Src/system_stm32f1xx.o
 .ARM.attributes
                0x00000347       0x2d ./Core/Src/tim.o
 .ARM.attributes
                0x00000374       0x2d ./Core/Src/usart.o
 .ARM.attributes
                0x000003a1       0x21 ./Core/Startup/startup_stm32f103rbtx.o
 .ARM.attributes
                0x000003c2       0x2d ./Drivers/STM32F1xx_HAL_Driver/Src/stm32f1xx_hal.o
 .ARM.attributes
                0x000003ef       0x2d ./Drivers/STM32F1xx_HAL_Driver/Src/stm32f1xx_hal_cortex.o
 .ARM.attributes
                0x0000041c       0x2d ./Drivers/STM32F1xx_HAL_Driver/Src/stm32f1xx_hal_dma.o
 .ARM.attributes
                0x00000449       0x2d ./Drivers/STM32F1xx_HAL_Driver/Src/stm32f1xx_hal_gpio.o
 .ARM.attributes
                0x00000476       0x2d ./Drivers/STM32F1xx_HAL_Driver/Src/stm32f1xx_hal_i2c.o
 .ARM.attributes
                0x000004a3       0x2d ./Drivers/STM32F1xx_HAL_Driver/Src/stm32f1xx_hal_rcc.o
 .ARM.attributes
                0x000004d0       0x2d ./Drivers/STM32F1xx_HAL_Driver/Src/stm32f1xx_hal_tim.o
 .ARM.attributes
                0x000004fd       0x2d ./Drivers/STM32F1xx_HAL_Driver/Src/stm32f1xx_hal_tim_ex.o
 .ARM.attributes
                0x0000052a       0x2d ./Drivers/STM32F1xx_HAL_Driver/Src/stm32f1xx_hal_uart.o
 .ARM.attributes
                0x00000557       0x2d C:/ST/STM32CubeIDE_1.17.0/STM32CubeIDE/plugins/com.st.stm32cube.ide.mcu.externaltools.gnu-tools-for-stm32.12.3.rel1.win32_1.1.0.202410251130/tools/bin/../lib/gcc/arm-none-eabi/12.3.1/../../../../arm-none-eabi/lib/thumb/v7-m/nofp\libc_nano.a(libc_a-findfp.o)
 .ARM.attributes
                0x00000584       0x2d C:/ST/STM32CubeIDE_1.17.0/STM32CubeIDE/plugins/com.st.stm32cube.ide.mcu.externaltools.gnu-tools-for-stm32.12.3.rel1.win32_1.1.0.202410251130/tools/bin/../lib/gcc/arm-none-eabi/12.3.1/../../../../arm-none-eabi/lib/thumb/v7-m/nofp\libc_nano.a(libc_a-sprintf.o)
 .ARM.attributes
                0x000005b1       0x2d C:/ST/STM32CubeIDE_1.17.0/STM32CubeIDE/plugins/com.st.stm32cube.ide.mcu.externaltools.gnu-tools-for-stm32.12.3.rel1.win32_1.1.0.202410251130/tools/bin/../lib/gcc/arm-none-eabi/12.3.1/../../../../arm-none-eabi/lib/thumb/v7-m/nofp\libc_nano.a(libc_a-memset.o)
 .ARM.attributes
                0x000005de       0x2d C:/ST/STM32CubeIDE_1.17.0/STM32CubeIDE/plugins/com.st.stm32cube.ide.mcu.externaltools.gnu-tools-for-stm32.12.3.rel1.win32_1.1.0.202410251130/tools/bin/../lib/gcc/arm-none-eabi/12.3.1/../../../../arm-none-eabi/lib/thumb/v7-m/nofp\libc_nano.a(libc_a-reent.o)
 .ARM.attributes
                0x0000060b       0x2d C:/ST/STM32CubeIDE_1.17.0/STM32CubeIDE/plugins/com.st.stm32cube.ide.mcu.externaltools.gnu-tools-for-stm32.12.3.rel1.win32_1.1.0.202410251130/tools/bin/../lib/gcc/arm-none-eabi/12.3.1/../../../../arm-none-eabi/lib/thumb/v7-m/nofp\libc_nano.a(libc_a-impure.o)
 .ARM.attributes
                0x00000638       0x2d C:/ST/STM32CubeIDE_1.17.0/STM32CubeIDE/plugins/com.st.stm32cube.ide.mcu.externaltools.gnu-tools-for-stm32.12.3.rel1.win32_1.1.0.202410251130/tools/bin/../lib/gcc/arm-none-eabi/12.3.1/../../../../arm-none-eabi/lib/thumb/v7-m/nofp\libc_nano.a(libc_a-errno.o)
 .ARM.attributes
                0x00000665       0x2d C:/ST/STM32CubeIDE_1.17.0/STM32CubeIDE/plugins/com.st.stm32cube.ide.mcu.externaltools.gnu-tools-for-stm32.12.3.rel1.win32_1.1.0.202410251130/tools/bin/../lib/gcc/arm-none-eabi/12.3.1/../../../../arm-none-eabi/lib/thumb/v7-m/nofp\libc_nano.a(libc_a-init.o)
 .ARM.attributes
                0x00000692       0x2d C:/ST/STM32CubeIDE_1.17.0/STM32CubeIDE/plugins/com.st.stm32cube.ide.mcu.externaltools.gnu-tools-for-stm32.12.3.rel1.win32_1.1.0.202410251130/tools/bin/../lib/gcc/arm-none-eabi/12.3.1/../../../../arm-none-eabi/lib/thumb/v7-m/nofp\libc_nano.a(libc_a-lock.o)
 .ARM.attributes
                0x000006bf       0x2d C:/ST/STM32CubeIDE_1.17.0/STM32CubeIDE/plugins/com.st.stm32cube.ide.mcu.externaltools.gnu-tools-for-stm32.12.3.rel1.win32_1.1.0.202410251130/tools/bin/../lib/gcc/arm-none-eabi/12.3.1/../../../../arm-none-eabi/lib/thumb/v7-m/nofp\libc_nano.a(libc_a-freer.o)
 .ARM.attributes
                0x000006ec       0x2d C:/ST/STM32CubeIDE_1.17.0/STM32CubeIDE/plugins/com.st.stm32cube.ide.mcu.externaltools.gnu-tools-for-stm32.12.3.rel1.win32_1.1.0.202410251130/tools/bin/../lib/gcc/arm-none-eabi/12.3.1/../../../../arm-none-eabi/lib/thumb/v7-m/nofp\libc_nano.a(libc_a-mallocr.o)
 .ARM.attributes
                0x00000719       0x2d C:/ST/STM32CubeIDE_1.17.0/STM32CubeIDE/plugins/com.st.stm32cube.ide.mcu.externaltools.gnu-tools-for-stm32.12.3.rel1.win32_1.1.0.202410251130/tools/bin/../lib/gcc/arm-none-eabi/12.3.1/../../../../arm-none-eabi/lib/thumb/v7-m/nofp\libc_nano.a(libc_a-mlock.o)
 .ARM.attributes
                0x00000746       0x2d C:/ST/STM32CubeIDE_1.17.0/STM32CubeIDE/plugins/com.st.stm32cube.ide.mcu.externaltools.gnu-tools-for-stm32.12.3.rel1.win32_1.1.0.202410251130/tools/bin/../lib/gcc/arm-none-eabi/12.3.1/../../../../arm-none-eabi/lib/thumb/v7-m/nofp\libc_nano.a(libc_a-nano-svfprintf.o)
 .ARM.attributes
                0x00000773       0x2d C:/ST/STM32CubeIDE_1.17.0/STM32CubeIDE/plugins/com.st.stm32cube.ide.mcu.externaltools.gnu-tools-for-stm32.12.3.rel1.win32_1.1.0.202410251130/tools/bin/../lib/gcc/arm-none-eabi/12.3.1/../../../../arm-none-eabi/lib/thumb/v7-m/nofp\libc_nano.a(libc_a-nano-vfprintf_i.o)
 .ARM.attributes
                0x000007a0       0x2d C:/ST/STM32CubeIDE_1.17.0/STM32CubeIDE/plugins/com.st.stm32cube.ide.mcu.externaltools.gnu-tools-for-stm32.12.3.rel1.win32_1.1.0.202410251130/tools/bin/../lib/gcc/arm-none-eabi/12.3.1/../../../../arm-none-eabi/lib/thumb/v7-m/nofp\libc_nano.a(libc_a-memmove.o)
 .ARM.attributes
                0x000007cd       0x2d C:/ST/STM32CubeIDE_1.17.0/STM32CubeIDE/plugins/com.st.stm32cube.ide.mcu.externaltools.gnu-tools-for-stm32.12.3.rel1.win32_1.1.0.202410251130/tools/bin/../lib/gcc/arm-none-eabi/12.3.1/../../../../arm-none-eabi/lib/thumb/v7-m/nofp\libc_nano.a(libc_a-sbrkr.o)
 .ARM.attributes
                0x000007fa       0x2d C:/ST/STM32CubeIDE_1.17.0/STM32CubeIDE/plugins/com.st.stm32cube.ide.mcu.externaltools.gnu-tools-for-stm32.12.3.rel1.win32_1.1.0.202410251130/tools/bin/../lib/gcc/arm-none-eabi/12.3.1/../../../../arm-none-eabi/lib/thumb/v7-m/nofp\libc_nano.a(libc_a-memchr-stub.o)
 .ARM.attributes
                0x00000827       0x2d C:/ST/STM32CubeIDE_1.17.0/STM32CubeIDE/plugins/com.st.stm32cube.ide.mcu.externaltools.gnu-tools-for-stm32.12.3.rel1.win32_1.1.0.202410251130/tools/bin/../lib/gcc/arm-none-eabi/12.3.1/../../../../arm-none-eabi/lib/thumb/v7-m/nofp\libc_nano.a(libc_a-memcpy-stub.o)
 .ARM.attributes
                0x00000854       0x2d C:/ST/STM32CubeIDE_1.17.0/STM32CubeIDE/plugins/com.st.stm32cube.ide.mcu.externaltools.gnu-tools-for-stm32.12.3.rel1.win32_1.1.0.202410251130/tools/bin/../lib/gcc/arm-none-eabi/12.3.1/../../../../arm-none-eabi/lib/thumb/v7-m/nofp\libc_nano.a(libc_a-reallocr.o)
 .ARM.attributes
                0x00000881       0x2d C:/ST/STM32CubeIDE_1.17.0/STM32CubeIDE/plugins/com.st.stm32cube.ide.mcu.externaltools.gnu-tools-for-stm32.12.3.rel1.win32_1.1.0.202410251130/tools/bin/../lib/gcc/arm-none-eabi/12.3.1/../../../../arm-none-eabi/lib/thumb/v7-m/nofp\libc_nano.a(libc_a-msizer.o)
 .ARM.attributes
                0x000008ae       0x1d C:/ST/STM32CubeIDE_1.17.0/STM32CubeIDE/plugins/com.st.stm32cube.ide.mcu.externaltools.gnu-tools-for-stm32.12.3.rel1.win32_1.1.0.202410251130/tools/bin/../lib/gcc/arm-none-eabi/12.3.1/thumb/v7-m/nofp\libgcc.a(_arm_muldf3.o)
 .ARM.attributes
                0x000008cb       0x1d C:/ST/STM32CubeIDE_1.17.0/STM32CubeIDE/plugins/com.st.stm32cube.ide.mcu.externaltools.gnu-tools-for-stm32.12.3.rel1.win32_1.1.0.202410251130/tools/bin/../lib/gcc/arm-none-eabi/12.3.1/thumb/v7-m/nofp\libgcc.a(_arm_addsubdf3.o)
 .ARM.attributes
                0x000008e8       0x1d C:/ST/STM32CubeIDE_1.17.0/STM32CubeIDE/plugins/com.st.stm32cube.ide.mcu.externaltools.gnu-tools-for-stm32.12.3.rel1.win32_1.1.0.202410251130/tools/bin/../lib/gcc/arm-none-eabi/12.3.1/thumb/v7-m/nofp\libgcc.a(_arm_cmpdf2.o)
 .ARM.attributes
                0x00000905       0x1d C:/ST/STM32CubeIDE_1.17.0/STM32CubeIDE/plugins/com.st.stm32cube.ide.mcu.externaltools.gnu-tools-for-stm32.12.3.rel1.win32_1.1.0.202410251130/tools/bin/../lib/gcc/arm-none-eabi/12.3.1/thumb/v7-m/nofp/crtn.o
OUTPUT(BottlingHoney.elf elf32-littlearm)
LOAD linker stubs
LOAD C:/ST/STM32CubeIDE_1.17.0/STM32CubeIDE/plugins/com.st.stm32cube.ide.mcu.externaltools.gnu-tools-for-stm32.12.3.rel1.win32_1.1.0.202410251130/tools/bin/../lib/gcc/arm-none-eabi/12.3.1/../../../../arm-none-eabi/lib/thumb/v7-m/nofp\libc.a
LOAD C:/ST/STM32CubeIDE_1.17.0/STM32CubeIDE/plugins/com.st.stm32cube.ide.mcu.externaltools.gnu-tools-for-stm32.12.3.rel1.win32_1.1.0.202410251130/tools/bin/../lib/gcc/arm-none-eabi/12.3.1/../../../../arm-none-eabi/lib/thumb/v7-m/nofp\libm.a
LOAD C:/ST/STM32CubeIDE_1.17.0/STM32CubeIDE/plugins/com.st.stm32cube.ide.mcu.externaltools.gnu-tools-for-stm32.12.3.rel1.win32_1.1.0.202410251130/tools/bin/../lib/gcc/arm-none-eabi/12.3.1/thumb/v7-m/nofp\libgcc.a

.debug_info     0x00000000    0x1360b
 .debug_info    0x00000000      0x2b6 ./Core/Src/Button.o
 .debug_info    0x000002b6      0x285 ./Core/Src/Buzzer.o
 .debug_info    0x0000053b      0x704 ./Core/Src/Eeprom.o
 .debug_info    0x00000c3f      0xbbd ./Core/Src/GFX_BW.o
 .debug_info    0x000017fc      0x8d2 ./Core/Src/HX711.o
 .debug_info    0x000020ce      0x8ab ./Core/Src/Honey_Display.o
 .debug_info    0x00002979      0xf11 ./Core/Src/Honey_StateMachine.o
 .debug_info    0x0000388a      0x73c ./Core/Src/SSD1306_OLED.o
 .debug_info    0x00003fc6      0x6fc ./Core/Src/Servo.o
 .debug_info    0x000046c2      0x2cf ./Core/Src/dma.o
 .debug_info    0x00004991      0x2d3 ./Core/Src/gpio.o
 .debug_info    0x00004c64      0x820 ./Core/Src/i2c.o
 .debug_info    0x00005484      0x7eb ./Core/Src/main.o
 .debug_info    0x00005c6f      0x1f1 ./Core/Src/stm32f1xx_hal_msp.o
 .debug_info    0x00005e60      0x747 ./Core/Src/stm32f1xx_it.o
 .debug_info    0x000065a7      0x168 ./Core/Src/sysmem.o
 .debug_info    0x0000670f      0x222 ./Core/Src/system_stm32f1xx.o
 .debug_info    0x00006931      0xd30 ./Core/Src/tim.o
 .debug_info    0x00007661      0x798 ./Core/Src/usart.o
 .debug_info    0x00007df9       0x30 ./Core/Startup/startup_stm32f103rbtx.o
 .debug_info    0x00007e29      0x704 ./Drivers/STM32F1xx_HAL_Driver/Src/stm32f1xx_hal.o
 .debug_info    0x0000852d      0xa87 ./Drivers/STM32F1xx_HAL_Driver/Src/stm32f1xx_hal_cortex.o
 .debug_info    0x00008fb4      0x6d2 ./Drivers/STM32F1xx_HAL_Driver/Src/stm32f1xx_hal_dma.o
 .debug_info    0x00009686      0x5ab ./Drivers/STM32F1xx_HAL_Driver/Src/stm32f1xx_hal_gpio.o
 .debug_info    0x00009c31     0x2524 ./Drivers/STM32F1xx_HAL_Driver/Src/stm32f1xx_hal_i2c.o
 .debug_info    0x0000c155      0x7d5 ./Drivers/STM32F1xx_HAL_Driver/Src/stm32f1xx_hal_rcc.o
 .debug_info    0x0000c92a     0x2959 ./Drivers/STM32F1xx_HAL_Driver/Src/stm32f1xx_hal_tim.o
 .debug_info    0x0000f283     0x149b ./Drivers/STM32F1xx_HAL_Driver/Src/stm32f1xx_hal_tim_ex.o
 .debug_info    0x0001071e     0x2eed ./Drivers/STM32F1xx_HAL_Driver/Src/stm32f1xx_hal_uart.o

.debug_abbrev   0x00000000     0x34fb
 .debug_abbrev  0x00000000      0x168 ./Core/Src/Button.o
 .debug_abbrev  0x00000168      0x149 ./Core/Src/Buzzer.o
 .debug_abbrev  0x000002b1      0x1c2 ./Core/Src/Eeprom.o
 .debug_abbrev  0x00000473      0x1ab ./Core/Src/GFX_BW.o
 .debug_abbrev  0x0000061e      0x1ef ./Core/Src/HX711.o
 .debug_abbrev  0x0000080d      0x1cf ./Core/Src/Honey_Display.o
 .debug_abbrev  0x000009dc      0x214 ./Core/Src/Honey_StateMachine.o
 .debug_abbrev  0x00000bf0      0x1ee ./Core/Src/SSD1306_OLED.o
 .debug_abbrev  0x00000dde      0x17d ./Core/Src/Servo.o
 .debug_abbrev  0x00000f5b       0xfc ./Core/Src/dma.o
 .debug_abbrev  0x00001057      0x13f ./Core/Src/gpio.o
 .debug_abbrev  0x00001196      0x1f2 ./Core/Src/i2c.o
 .debug_abbrev  0x00001388      0x24b ./Core/Src/main.o
 .debug_abbrev  0x000015d3       0xdb ./Core/Src/stm32f1xx_hal_msp.o
 .debug_abbrev  0x000016ae      0x1c4 ./Core/Src/stm32f1xx_it.o
 .debug_abbrev  0x00001872       0xbc ./Core/Src/sysmem.o
 .debug_abbrev  0x0000192e      0x13f ./Core/Src/system_stm32f1xx.o
 .debug_abbrev  0x00001a6d      0x26f ./Core/Src/tim.o
 .debug_abbrev  0x00001cdc      0x1e6 ./Core/Src/usart.o
 .debug_abbrev  0x00001ec2       0x24 ./Core/Startup/startup_stm32f103rbtx.o
 .debug_abbrev  0x00001ee6      0x201 ./Drivers/STM32F1xx_HAL_Driver/Src/stm32f1xx_hal.o
 .debug_abbrev  0x000020e7      0x2f8 ./Drivers/STM32F1xx_HAL_Driver/Src/stm32f1xx_hal_cortex.o
 .debug_abbrev  0x000023df      0x20b ./Drivers/STM32F1xx_HAL_Driver/Src/stm32f1xx_hal_dma.o
 .debug_abbrev  0x000025ea      0x1ca ./Drivers/STM32F1xx_HAL_Driver/Src/stm32f1xx_hal_gpio.o
 .debug_abbrev  0x000027b4      0x2a3 ./Drivers/STM32F1xx_HAL_Driver/Src/stm32f1xx_hal_i2c.o
 .debug_abbrev  0x00002a57      0x2b3 ./Drivers/STM32F1xx_HAL_Driver/Src/stm32f1xx_hal_rcc.o
 .debug_abbrev  0x00002d0a      0x277 ./Drivers/STM32F1xx_HAL_Driver/Src/stm32f1xx_hal_tim.o
 .debug_abbrev  0x00002f81      0x282 ./Drivers/STM32F1xx_HAL_Driver/Src/stm32f1xx_hal_tim_ex.o
 .debug_abbrev  0x00003203      0x2f8 ./Drivers/STM32F1xx_HAL_Driver/Src/stm32f1xx_hal_uart.o

.debug_aranges  0x00000000     0x1200
 .debug_aranges
                0x00000000       0x38 ./Core/Src/Button.o
 .debug_aranges
                0x00000038       0x30 ./Core/Src/Buzzer.o
 .debug_aranges
                0x00000068       0x38 ./Core/Src/Eeprom.o
 .debug_aranges
                0x000000a0       0xc8 ./Core/Src/GFX_BW.o
 .debug_aranges
                0x00000168       0x40 ./Core/Src/HX711.o
 .debug_aranges
                0x000001a8       0x30 ./Core/Src/Honey_Display.o
 .debug_aranges
                0x000001d8       0x38 ./Core/Src/Honey_StateMachine.o
 .debug_aranges
                0x00000210       0x48 ./Core/Src/SSD1306_OLED.o
 .debug_aranges
                0x00000258       0x28 ./Core/Src/Servo.o
 .debug_aranges
                0x00000280       0x20 ./Core/Src/dma.o
 .debug_aranges
                0x000002a0       0x20 ./Core/Src/gpio.o
 .debug_aranges
                0x000002c0       0x30 ./Core/Src/i2c.o
 .debug_aranges
                0x000002f0       0x40 ./Core/Src/main.o
 .debug_aranges
                0x00000330       0x20 ./Core/Src/stm32f1xx_hal_msp.o
 .debug_aranges
                0x00000350       0x98 ./Core/Src/stm32f1xx_it.o
 .debug_aranges
                0x000003e8       0x20 ./Core/Src/sysmem.o
 .debug_aranges
                0x00000408       0x28 ./Core/Src/system_stm32f1xx.o
 .debug_aranges
                0x00000430       0x48 ./Core/Src/tim.o
 .debug_aranges
                0x00000478       0x30 ./Core/Src/usart.o
 .debug_aranges
                0x000004a8       0x28 ./Core/Startup/startup_stm32f103rbtx.o
 .debug_aranges
                0x000004d0       0xe0 ./Drivers/STM32F1xx_HAL_Driver/Src/stm32f1xx_hal.o
 .debug_aranges
                0x000005b0      0x100 ./Drivers/STM32F1xx_HAL_Driver/Src/stm32f1xx_hal_cortex.o
 .debug_aranges
                0x000006b0       0x80 ./Drivers/STM32F1xx_HAL_Driver/Src/stm32f1xx_hal_dma.o
 .debug_aranges
                0x00000730       0x58 ./Drivers/STM32F1xx_HAL_Driver/Src/stm32f1xx_hal_gpio.o
 .debug_aranges
                0x00000788      0x2a8 ./Drivers/STM32F1xx_HAL_Driver/Src/stm32f1xx_hal_i2c.o
 .debug_aranges
                0x00000a30       0x90 ./Drivers/STM32F1xx_HAL_Driver/Src/stm32f1xx_hal_rcc.o
 .debug_aranges
                0x00000ac0      0x3d0 ./Drivers/STM32F1xx_HAL_Driver/Src/stm32f1xx_hal_tim.o
 .debug_aranges
                0x00000e90      0x168 ./Drivers/STM32F1xx_HAL_Driver/Src/stm32f1xx_hal_tim_ex.o
 .debug_aranges
                0x00000ff8      0x208 ./Drivers/STM32F1xx_HAL_Driver/Src/stm32f1xx_hal_uart.o

.debug_rnglists
                0x00000000      0xdfb
 .debug_rnglists
                0x00000000       0x26 ./Core/Src/Button.o
 .debug_rnglists
                0x00000026       0x20 ./Core/Src/Buzzer.o
 .debug_rnglists
                0x00000046       0x25 ./Core/Src/Eeprom.o
 .debug_rnglists
                0x0000006b       0x9c ./Core/Src/GFX_BW.o
 .debug_rnglists
                0x00000107       0x2c ./Core/Src/HX711.o
 .debug_rnglists
                0x00000133       0x21 ./Core/Src/Honey_Display.o
 .debug_rnglists
                0x00000154       0x27 ./Core/Src/Honey_StateMachine.o
 .debug_rnglists
                0x0000017b       0x33 ./Core/Src/SSD1306_OLED.o
 .debug_rnglists
                0x000001ae       0x1b ./Core/Src/Servo.o
 .debug_rnglists
                0x000001c9       0x13 ./Core/Src/dma.o
 .debug_rnglists
                0x000001dc       0x14 ./Core/Src/gpio.o
 .debug_rnglists
                0x000001f0       0x20 ./Core/Src/i2c.o
 .debug_rnglists
                0x00000210       0x2c ./Core/Src/main.o
 .debug_rnglists
                0x0000023c       0x13 ./Core/Src/stm32f1xx_hal_msp.o
 .debug_rnglists
                0x0000024f       0x6d ./Core/Src/stm32f1xx_it.o
 .debug_rnglists
                0x000002bc       0x13 ./Core/Src/sysmem.o
 .debug_rnglists
                0x000002cf       0x1a ./Core/Src/system_stm32f1xx.o
 .debug_rnglists
                0x000002e9       0x36 ./Core/Src/tim.o
 .debug_rnglists
                0x0000031f       0x1f ./Core/Src/usart.o
 .debug_rnglists
                0x0000033e       0x19 ./Core/Startup/startup_stm32f103rbtx.o
 .debug_rnglists
                0x00000357       0xa3 ./Drivers/STM32F1xx_HAL_Driver/Src/stm32f1xx_hal.o
 .debug_rnglists
                0x000003fa       0xbb ./Drivers/STM32F1xx_HAL_Driver/Src/stm32f1xx_hal_cortex.o
 .debug_rnglists
                0x000004b5       0x64 ./Drivers/STM32F1xx_HAL_Driver/Src/stm32f1xx_hal_dma.o
 .debug_rnglists
                0x00000519       0x3f ./Drivers/STM32F1xx_HAL_Driver/Src/stm32f1xx_hal_gpio.o
 .debug_rnglists
                0x00000558      0x23c ./Drivers/STM32F1xx_HAL_Driver/Src/stm32f1xx_hal_i2c.o
 .debug_rnglists
                0x00000794       0x6c ./Drivers/STM32F1xx_HAL_Driver/Src/stm32f1xx_hal_rcc.o
 .debug_rnglists
                0x00000800      0x31a ./Drivers/STM32F1xx_HAL_Driver/Src/stm32f1xx_hal_tim.o
 .debug_rnglists
                0x00000b1a      0x125 ./Drivers/STM32F1xx_HAL_Driver/Src/stm32f1xx_hal_tim_ex.o
 .debug_rnglists
                0x00000c3f      0x1bc ./Drivers/STM32F1xx_HAL_Driver/Src/stm32f1xx_hal_uart.o

.debug_macro    0x00000000    0x19f67
 .debug_macro   0x00000000      0x1ce ./Core/Src/Button.o
 .debug_macro   0x000001ce      0xaa8 ./Core/Src/Button.o
 .debug_macro   0x00000c76      0x227 ./Core/Src/Button.o
 .debug_macro   0x00000e9d       0x2e ./Core/Src/Button.o
 .debug_macro   0x00000ecb       0x22 ./Core/Src/Button.o
 .debug_macro   0x00000eed       0x22 ./Core/Src/Button.o
 .debug_macro   0x00000f0f       0x8e ./Core/Src/Button.o
 .debug_macro   0x00000f9d       0x51 ./Core/Src/Button.o
 .debug_macro   0x00000fee      0x103 ./Core/Src/Button.o
 .debug_macro   0x000010f1       0x6a ./Core/Src/Button.o
 .debug_macro   0x0000115b      0x1df ./Core/Src/Button.o
 .debug_macro   0x0000133a       0x1c ./Core/Src/Button.o
 .debug_macro   0x00001356       0x22 ./Core/Src/Button.o
 .debug_macro   0x00001378       0xbd ./Core/Src/Button.o
 .debug_macro   0x00001435      0xd23 ./Core/Src/Button.o
 .debug_macro   0x00002158     0xe09e ./Core/Src/Button.o
 .debug_macro   0x000101f6       0x6d ./Core/Src/Button.o
 .debug_macro   0x00010263     0x34a2 ./Core/Src/Button.o
 .debug_macro   0x00013705      0x189 ./Core/Src/Button.o
 .debug_macro   0x0001388e       0x5c ./Core/Src/Button.o
 .debug_macro   0x000138ea      0x5bc ./Core/Src/Button.o
 .debug_macro   0x00013ea6      0x289 ./Core/Src/Button.o
 .debug_macro   0x0001412f      0x1cb ./Core/Src/Button.o
 .debug_macro   0x000142fa      0x114 ./Core/Src/Button.o
 .debug_macro   0x0001440e      0x1b2 ./Core/Src/Button.o
 .debug_macro   0x000145c0       0x27 ./Core/Src/Button.o
 .debug_macro   0x000145e7      0x136 ./Core/Src/Button.o
 .debug_macro   0x0001471d      0x1bc ./Core/Src/Button.o
 .debug_macro   0x000148d9       0x34 ./Core/Src/Button.o
 .debug_macro   0x0001490d       0x3c ./Core/Src/Button.o
 .debug_macro   0x00014949       0x57 ./Core/Src/Button.o
 .debug_macro   0x000149a0       0x87 ./Core/Src/Button.o
 .debug_macro   0x00014a27      0x240 ./Core/Src/Button.o
 .debug_macro   0x00014c67      0x287 ./Core/Src/Button.o
 .debug_macro   0x00014eee      0x140 ./Core/Src/Button.o
 .debug_macro   0x0001502e      0x8ed ./Core/Src/Button.o
 .debug_macro   0x0001591b      0x28e ./Core/Src/Button.o
 .debug_macro   0x00015ba9       0x83 ./Core/Src/Button.o
 .debug_macro   0x00015c2c       0x5e ./Core/Src/Button.o
 .debug_macro   0x00015c8a       0x22 ./Core/Src/Button.o
 .debug_macro   0x00015cac       0x1c ./Core/Src/Button.o
 .debug_macro   0x00015cc8      0x1c5 ./Core/Src/Buzzer.o
 .debug_macro   0x00015e8d       0x1c ./Core/Src/Buzzer.o
 .debug_macro   0x00015ea9      0x1d8 ./Core/Src/Eeprom.o
 .debug_macro   0x00016081       0x70 ./Core/Src/Eeprom.o
 .debug_macro   0x000160f1       0x16 ./Core/Src/Eeprom.o
 .debug_macro   0x00016107      0x2a0 ./Core/Src/GFX_BW.o
 .debug_macro   0x000163a7      0x10c ./Core/Src/GFX_BW.o
 .debug_macro   0x000164b3       0x8e ./Core/Src/GFX_BW.o
 .debug_macro   0x00016541       0x24 ./Core/Src/GFX_BW.o
 .debug_macro   0x00016565       0x61 ./Core/Src/GFX_BW.o
 .debug_macro   0x000165c6       0x43 ./Core/Src/GFX_BW.o
 .debug_macro   0x00016609       0x34 ./Core/Src/GFX_BW.o
 .debug_macro   0x0001663d       0x16 ./Core/Src/GFX_BW.o
 .debug_macro   0x00016653       0x35 ./Core/Src/GFX_BW.o
 .debug_macro   0x00016688       0x16 ./Core/Src/GFX_BW.o
 .debug_macro   0x0001669e       0x43 ./Core/Src/GFX_BW.o
 .debug_macro   0x000166e1       0x34 ./Core/Src/GFX_BW.o
 .debug_macro   0x00016715       0x10 ./Core/Src/GFX_BW.o
 .debug_macro   0x00016725       0x58 ./Core/Src/GFX_BW.o
 .debug_macro   0x0001677d       0x8e ./Core/Src/GFX_BW.o
 .debug_macro   0x0001680b       0x1c ./Core/Src/GFX_BW.o
 .debug_macro   0x00016827      0x177 ./Core/Src/GFX_BW.o
 .debug_macro   0x0001699e      0x369 ./Core/Src/GFX_BW.o
 .debug_macro   0x00016d07       0x16 ./Core/Src/GFX_BW.o
 .debug_macro   0x00016d1d       0x29 ./Core/Src/GFX_BW.o
 .debug_macro   0x00016d46      0x1ce ./Core/Src/HX711.o
 .debug_macro   0x00016f14       0x40 ./Core/Src/HX711.o
 .debug_macro   0x00016f54      0x2d5 ./Core/Src/Honey_Display.o
 .debug_macro   0x00017229       0x16 ./Core/Src/Honey_Display.o
 .debug_macro   0x0001723f       0x10 ./Core/Src/Honey_Display.o
 .debug_macro   0x0001724f       0x16 ./Core/Src/Honey_Display.o
 .debug_macro   0x00017265       0x16 ./Core/Src/Honey_Display.o
 .debug_macro   0x0001727b      0x146 ./Core/Src/Honey_Display.o
 .debug_macro   0x000173c1       0x10 ./Core/Src/Honey_Display.o
 .debug_macro   0x000173d1      0x221 ./Core/Src/Honey_StateMachine.o
 .debug_macro   0x000175f2       0x46 ./Core/Src/Honey_StateMachine.o
 .debug_macro   0x00017638      0x293 ./Core/Src/SSD1306_OLED.o
 .debug_macro   0x000178cb       0x10 ./Core/Src/SSD1306_OLED.o
 .debug_macro   0x000178db       0x20 ./Core/Src/SSD1306_OLED.o
 .debug_macro   0x000178fb      0x1ce ./Core/Src/Servo.o
 .debug_macro   0x00017ac9      0x1c6 ./Core/Src/dma.o
 .debug_macro   0x00017c8f      0x1c6 ./Core/Src/gpio.o
 .debug_macro   0x00017e55      0x1c6 ./Core/Src/i2c.o
 .debug_macro   0x0001801b      0x33a ./Core/Src/main.o
 .debug_macro   0x00018355       0x16 ./Core/Src/main.o
 .debug_macro   0x0001836b      0x1bc ./Core/Src/stm32f1xx_hal_msp.o
 .debug_macro   0x00018527      0x1c6 ./Core/Src/stm32f1xx_it.o
 .debug_macro   0x000186ed       0xff ./Core/Src/sysmem.o
 .debug_macro   0x000187ec      0x23c ./Core/Src/sysmem.o
 .debug_macro   0x00018a28      0x1ad ./Core/Src/system_stm32f1xx.o
 .debug_macro   0x00018bd5      0x1c6 ./Core/Src/tim.o
 .debug_macro   0x00018d9b      0x1c6 ./Core/Src/usart.o
 .debug_macro   0x00018f61      0x1d1 ./Drivers/STM32F1xx_HAL_Driver/Src/stm32f1xx_hal.o
 .debug_macro   0x00019132      0x1ad ./Drivers/STM32F1xx_HAL_Driver/Src/stm32f1xx_hal_cortex.o
 .debug_macro   0x000192df      0x1ad ./Drivers/STM32F1xx_HAL_Driver/Src/stm32f1xx_hal_dma.o
 .debug_macro   0x0001948c      0x218 ./Drivers/STM32F1xx_HAL_Driver/Src/stm32f1xx_hal_gpio.o
 .debug_macro   0x000196a4      0x1fb ./Drivers/STM32F1xx_HAL_Driver/Src/stm32f1xx_hal_i2c.o
 .debug_macro   0x0001989f      0x1bf ./Drivers/STM32F1xx_HAL_Driver/Src/stm32f1xx_hal_rcc.o
 .debug_macro   0x00019a5e      0x1ae ./Drivers/STM32F1xx_HAL_Driver/Src/stm32f1xx_hal_tim.o
 .debug_macro   0x00019c0c      0x1ad ./Drivers/STM32F1xx_HAL_Driver/Src/stm32f1xx_hal_tim_ex.o
 .debug_macro   0x00019db9      0x1ae ./Drivers/STM32F1xx_HAL_Driver/Src/stm32f1xx_hal_uart.o

.debug_line     0x00000000    0x18f08
 .debug_line    0x00000000      0x7dc ./Core/Src/Button.o
 .debug_line    0x000007dc      0x78b ./Core/Src/Buzzer.o
 .debug_line    0x00000f67      0x7f8 ./Core/Src/Eeprom.o
 .debug_line    0x0000175f      0xee1 ./Core/Src/GFX_BW.o
 .debug_line    0x00002640      0x837 ./Core/Src/HX711.o
 .debug_line    0x00002e77      0x97c ./Core/Src/Honey_Display.o
 .debug_line    0x000037f3      0x9d3 ./Core/Src/Honey_StateMachine.o
 .debug_line    0x000041c6      0x97b ./Core/Src/SSD1306_OLED.o
 .debug_line    0x00004b41      0x7c8 ./Core/Src/Servo.o
 .debug_line    0x00005309      0x70f ./Core/Src/dma.o
 .debug_line    0x00005a18      0x74f ./Core/Src/gpio.o
 .debug_line    0x00006167      0x79c ./Core/Src/i2c.o
 .debug_line    0x00006903      0x9f9 ./Core/Src/main.o
 .debug_line    0x000072fc      0x714 ./Core/Src/stm32f1xx_hal_msp.o
 .debug_line    0x00007a10      0x87e ./Core/Src/stm32f1xx_it.o
 .debug_line    0x0000828e      0x579 ./Core/Src/sysmem.o
 .debug_line    0x00008807      0x792 ./Core/Src/system_stm32f1xx.o
 .debug_line    0x00008f99      0x8f0 ./Core/Src/tim.o
 .debug_line    0x00009889      0x779 ./Core/Src/usart.o
 .debug_line    0x0000a002       0x78 ./Core/Startup/startup_stm32f103rbtx.o
 .debug_line    0x0000a07a      0x9bf ./Drivers/STM32F1xx_HAL_Driver/Src/stm32f1xx_hal.o
 .debug_line    0x0000aa39      0xbab ./Drivers/STM32F1xx_HAL_Driver/Src/stm32f1xx_hal_cortex.o
 .debug_line    0x0000b5e4      0xe18 ./Drivers/STM32F1xx_HAL_Driver/Src/stm32f1xx_hal_dma.o
 .debug_line    0x0000c3fc      0xa58 ./Drivers/STM32F1xx_HAL_Driver/Src/stm32f1xx_hal_gpio.o
 .debug_line    0x0000ce54     0x3c5c ./Drivers/STM32F1xx_HAL_Driver/Src/stm32f1xx_hal_i2c.o
 .debug_line    0x00010ab0      0xdc8 ./Drivers/STM32F1xx_HAL_Driver/Src/stm32f1xx_hal_rcc.o
 .debug_line    0x00011878     0x34e4 ./Drivers/STM32F1xx_HAL_Driver/Src/stm32f1xx_hal_tim.o
 .debug_line    0x00014d5c     0x190e ./Drivers/STM32F1xx_HAL_Driver/Src/stm32f1xx_hal_tim_ex.o
 .debug_line    0x0001666a     0x289e ./Drivers/STM32F1xx_HAL_Driver/Src/stm32f1xx_hal_uart.o

.debug_str      0x00000000    0x8e40d
 .debug_str     0x00000000    0x84f10 ./Core/Src/Button.o
                              0x85265 (size before relaxing)
 .debug_str     0x00084f10       0xe2 ./Core/Src/Buzzer.o
                              0x851f2 (size before relaxing)
 .debug_str     0x00084ff2      0x69d ./Core/Src/Eeprom.o
                              0x857c6 (size before relaxing)
 .debug_str     0x0008568f     0x3aa0 ./Core/Src/GFX_BW.o
                              0x88b72 (size before relaxing)
 .debug_str     0x0008912f      0x41e ./Core/Src/HX711.o
                              0x8595a (size before relaxing)
 .debug_str     0x0008954d      0x9a8 ./Core/Src/Honey_Display.o
                              0x89820 (size before relaxing)
 .debug_str     0x00089ef5      0x234 ./Core/Src/Honey_StateMachine.o
                              0x86900 (size before relaxing)
 .debug_str     0x0008a129       0xce ./Core/Src/SSD1306_OLED.o
                              0x88bf3 (size before relaxing)
 .debug_str     0x0008a1f7       0x26 ./Core/Src/Servo.o
                              0x8582c (size before relaxing)
 .debug_str     0x0008a21d      0x2f6 ./Core/Src/dma.o
                              0x853f2 (size before relaxing)
 .debug_str     0x0008a513       0x60 ./Core/Src/gpio.o
                              0x85194 (size before relaxing)
 .debug_str     0x0008a573       0xaa ./Core/Src/i2c.o
                              0x85677 (size before relaxing)
 .debug_str     0x0008a61d      0x252 ./Core/Src/main.o
                              0x89a17 (size before relaxing)
 .debug_str     0x0008a86f       0x5a ./Core/Src/stm32f1xx_hal_msp.o
                              0x8511c (size before relaxing)
 .debug_str     0x0008a8c9      0x18a ./Core/Src/stm32f1xx_it.o
                              0x856e1 (size before relaxing)
 .debug_str     0x0008aa53      0x4dc ./Core/Src/sysmem.o
                               0x6078 (size before relaxing)
 .debug_str     0x0008af2f       0x7e ./Core/Src/system_stm32f1xx.o
                              0x85005 (size before relaxing)
 .debug_str     0x0008afad      0x1fe ./Core/Src/tim.o
                              0x85ba4 (size before relaxing)
 .debug_str     0x0008b1ab      0x228 ./Core/Src/usart.o
                              0x855dc (size before relaxing)
 .debug_str     0x0008b3d3       0x44 ./Core/Startup/startup_stm32f103rbtx.o
                                 0x83 (size before relaxing)
 .debug_str     0x0008b417      0x378 ./Drivers/STM32F1xx_HAL_Driver/Src/stm32f1xx_hal.o
                              0x85738 (size before relaxing)
 .debug_str     0x0008b78f      0x28a ./Drivers/STM32F1xx_HAL_Driver/Src/stm32f1xx_hal_cortex.o
                              0x85684 (size before relaxing)
 .debug_str     0x0008ba19      0x206 ./Drivers/STM32F1xx_HAL_Driver/Src/stm32f1xx_hal_dma.o
                              0x853ae (size before relaxing)
 .debug_str     0x0008bc1f      0x284 ./Drivers/STM32F1xx_HAL_Driver/Src/stm32f1xx_hal_gpio.o
                              0x8538b (size before relaxing)
 .debug_str     0x0008bea3      0xb8a ./Drivers/STM32F1xx_HAL_Driver/Src/stm32f1xx_hal_i2c.o
                              0x860cc (size before relaxing)
 .debug_str     0x0008ca2d      0x209 ./Drivers/STM32F1xx_HAL_Driver/Src/stm32f1xx_hal_rcc.o
                              0x85434 (size before relaxing)
 .debug_str     0x0008cc36      0xd36 ./Drivers/STM32F1xx_HAL_Driver/Src/stm32f1xx_hal_tim.o
                              0x86436 (size before relaxing)
 .debug_str     0x0008d96c      0x493 ./Drivers/STM32F1xx_HAL_Driver/Src/stm32f1xx_hal_tim_ex.o
                              0x85c42 (size before relaxing)
 .debug_str     0x0008ddff      0x60e ./Drivers/STM32F1xx_HAL_Driver/Src/stm32f1xx_hal_uart.o
                              0x85aa5 (size before relaxing)

.comment        0x00000000       0x43
 .comment       0x00000000       0x43 ./Core/Src/Button.o
                                 0x44 (size before relaxing)
 .comment       0x00000043       0x44 ./Core/Src/Buzzer.o
 .comment       0x00000043       0x44 ./Core/Src/Eeprom.o
 .comment       0x00000043       0x44 ./Core/Src/GFX_BW.o
 .comment       0x00000043       0x44 ./Core/Src/HX711.o
 .comment       0x00000043       0x44 ./Core/Src/Honey_Display.o
 .comment       0x00000043       0x44 ./Core/Src/Honey_StateMachine.o
 .comment       0x00000043       0x44 ./Core/Src/SSD1306_OLED.o
 .comment       0x00000043       0x44 ./Core/Src/Servo.o
 .comment       0x00000043       0x44 ./Core/Src/dma.o
 .comment       0x00000043       0x44 ./Core/Src/gpio.o
 .comment       0x00000043       0x44 ./Core/Src/i2c.o
 .comment       0x00000043       0x44 ./Core/Src/main.o
 .comment       0x00000043       0x44 ./Core/Src/stm32f1xx_hal_msp.o
 .comment       0x00000043       0x44 ./Core/Src/stm32f1xx_it.o
 .comment       0x00000043       0x44 ./Core/Src/sysmem.o
 .comment       0x00000043       0x44 ./Core/Src/system_stm32f1xx.o
 .comment       0x00000043       0x44 ./Core/Src/tim.o
 .comment       0x00000043       0x44 ./Core/Src/usart.o
 .comment       0x00000043       0x44 ./Drivers/STM32F1xx_HAL_Driver/Src/stm32f1xx_hal.o
 .comment       0x00000043       0x44 ./Drivers/STM32F1xx_HAL_Driver/Src/stm32f1xx_hal_cortex.o
 .comment       0x00000043       0x44 ./Drivers/STM32F1xx_HAL_Driver/Src/stm32f1xx_hal_dma.o
 .comment       0x00000043       0x44 ./Drivers/STM32F1xx_HAL_Driver/Src/stm32f1xx_hal_gpio.o
 .comment       0x00000043       0x44 ./Drivers/STM32F1xx_HAL_Driver/Src/stm32f1xx_hal_i2c.o
 .comment       0x00000043       0x44 ./Drivers/STM32F1xx_HAL_Driver/Src/stm32f1xx_hal_rcc.o
 .comment       0x00000043       0x44 ./Drivers/STM32F1xx_HAL_Driver/Src/stm32f1xx_hal_tim.o
 .comment       0x00000043       0x44 ./Drivers/STM32F1xx_HAL_Driver/Src/stm32f1xx_hal_tim_ex.o
 .comment       0x00000043       0x44 ./Drivers/STM32F1xx_HAL_Driver/Src/stm32f1xx_hal_uart.o

.debug_frame    0x00000000     0x4f64
 .debug_frame   0x00000000       0xa8 ./Core/Src/Button.o
 .debug_frame   0x000000a8       0x7c ./Core/Src/Buzzer.o
 .debug_frame   0x00000124       0xa4 ./Core/Src/Eeprom.o
 .debug_frame   0x000001c8      0x33c ./Core/Src/GFX_BW.o
 .debug_frame   0x00000504       0xc4 ./Core/Src/HX711.o
 .debug_frame   0x000005c8       0x84 ./Core/Src/Honey_Display.o
 .debug_frame   0x0000064c       0xa0 ./Core/Src/Honey_StateMachine.o
 .debug_frame   0x000006ec       0xe4 ./Core/Src/SSD1306_OLED.o
 .debug_frame   0x000007d0       0x5c ./Core/Src/Servo.o
 .debug_frame   0x0000082c       0x34 ./Core/Src/dma.o
 .debug_frame   0x00000860       0x34 ./Core/Src/gpio.o
 .debug_frame   0x00000894       0x74 ./Core/Src/i2c.o
 .debug_frame   0x00000908       0xa8 ./Core/Src/main.o
 .debug_frame   0x000009b0       0x38 ./Core/Src/stm32f1xx_hal_msp.o
 .debug_frame   0x000009e8      0x1c8 ./Core/Src/stm32f1xx_it.o
 .debug_frame   0x00000bb0       0x34 ./Core/Src/sysmem.o
 .debug_frame   0x00000be4       0x58 ./Core/Src/system_stm32f1xx.o
 .debug_frame   0x00000c3c       0xe8 ./Core/Src/tim.o
 .debug_frame   0x00000d24       0x74 ./Core/Src/usart.o
 .debug_frame   0x00000d98      0x334 ./Drivers/STM32F1xx_HAL_Driver/Src/stm32f1xx_hal.o
 .debug_frame   0x000010cc      0x428 ./Drivers/STM32F1xx_HAL_Driver/Src/stm32f1xx_hal_cortex.o
 .debug_frame   0x000014f4      0x208 ./Drivers/STM32F1xx_HAL_Driver/Src/stm32f1xx_hal_dma.o
 .debug_frame   0x000016fc      0x14c ./Drivers/STM32F1xx_HAL_Driver/Src/stm32f1xx_hal_gpio.o
 .debug_frame   0x00001848      0xc84 ./Drivers/STM32F1xx_HAL_Driver/Src/stm32f1xx_hal_i2c.o
 .debug_frame   0x000024cc      0x218 ./Drivers/STM32F1xx_HAL_Driver/Src/stm32f1xx_hal_rcc.o
 .debug_frame   0x000026e4     0x11b8 ./Drivers/STM32F1xx_HAL_Driver/Src/stm32f1xx_hal_tim.o
 .debug_frame   0x0000389c      0x638 ./Drivers/STM32F1xx_HAL_Driver/Src/stm32f1xx_hal_tim_ex.o
 .debug_frame   0x00003ed4      0x944 ./Drivers/STM32F1xx_HAL_Driver/Src/stm32f1xx_hal_uart.o
 .debug_frame   0x00004818      0x144 C:/ST/STM32CubeIDE_1.17.0/STM32CubeIDE/plugins/com.st.stm32cube.ide.mcu.externaltools.gnu-tools-for-stm32.12.3.rel1.win32_1.1.0.202410251130/tools/bin/../lib/gcc/arm-none-eabi/12.3.1/../../../../arm-none-eabi/lib/thumb/v7-m/nofp\libc_nano.a(libc_a-findfp.o)
 .debug_frame   0x0000495c       0x6c C:/ST/STM32CubeIDE_1.17.0/STM32CubeIDE/plugins/com.st.stm32cube.ide.mcu.externaltools.gnu-tools-for-stm32.12.3.rel1.win32_1.1.0.202410251130/tools/bin/../lib/gcc/arm-none-eabi/12.3.1/../../../../arm-none-eabi/lib/thumb/v7-m/nofp\libc_nano.a(libc_a-sprintf.o)
 .debug_frame   0x000049c8       0x20 C:/ST/STM32CubeIDE_1.17.0/STM32CubeIDE/plugins/com.st.stm32cube.ide.mcu.externaltools.gnu-tools-for-stm32.12.3.rel1.win32_1.1.0.202410251130/tools/bin/../lib/gcc/arm-none-eabi/12.3.1/../../../../arm-none-eabi/lib/thumb/v7-m/nofp\libc_nano.a(libc_a-memset.o)
 .debug_frame   0x000049e8       0x38 C:/ST/STM32CubeIDE_1.17.0/STM32CubeIDE/plugins/com.st.stm32cube.ide.mcu.externaltools.gnu-tools-for-stm32.12.3.rel1.win32_1.1.0.202410251130/tools/bin/../lib/gcc/arm-none-eabi/12.3.1/../../../../arm-none-eabi/lib/thumb/v7-m/nofp\libc_nano.a(libc_a-reent.o)
 .debug_frame   0x00004a20       0x20 C:/ST/STM32CubeIDE_1.17.0/STM32CubeIDE/plugins/com.st.stm32cube.ide.mcu.externaltools.gnu-tools-for-stm32.12.3.rel1.win32_1.1.0.202410251130/tools/bin/../lib/gcc/arm-none-eabi/12.3.1/../../../../arm-none-eabi/lib/thumb/v7-m/nofp\libc_nano.a(libc_a-errno.o)
 .debug_frame   0x00004a40       0x2c C:/ST/STM32CubeIDE_1.17.0/STM32CubeIDE/plugins/com.st.stm32cube.ide.mcu.externaltools.gnu-tools-for-stm32.12.3.rel1.win32_1.1.0.202410251130/tools/bin/../lib/gcc/arm-none-eabi/12.3.1/../../../../arm-none-eabi/lib/thumb/v7-m/nofp\libc_nano.a(libc_a-init.o)
 .debug_frame   0x00004a6c       0xb0 C:/ST/STM32CubeIDE_1.17.0/STM32CubeIDE/plugins/com.st.stm32cube.ide.mcu.externaltools.gnu-tools-for-stm32.12.3.rel1.win32_1.1.0.202410251130/tools/bin/../lib/gcc/arm-none-eabi/12.3.1/../../../../arm-none-eabi/lib/thumb/v7-m/nofp\libc_nano.a(libc_a-lock.o)
 .debug_frame   0x00004b1c       0x38 C:/ST/STM32CubeIDE_1.17.0/STM32CubeIDE/plugins/com.st.stm32cube.ide.mcu.externaltools.gnu-tools-for-stm32.12.3.rel1.win32_1.1.0.202410251130/tools/bin/../lib/gcc/arm-none-eabi/12.3.1/../../../../arm-none-eabi/lib/thumb/v7-m/nofp\libc_nano.a(libc_a-freer.o)
 .debug_frame   0x00004b54       0x50 C:/ST/STM32CubeIDE_1.17.0/STM32CubeIDE/plugins/com.st.stm32cube.ide.mcu.externaltools.gnu-tools-for-stm32.12.3.rel1.win32_1.1.0.202410251130/tools/bin/../lib/gcc/arm-none-eabi/12.3.1/../../../../arm-none-eabi/lib/thumb/v7-m/nofp\libc_nano.a(libc_a-mallocr.o)